Component: Arm Compiler for Embedded 6.24 Tool: armlink [5f371500]

==============================================================================

Section Cross References

    main.o(.text.HAL_GetTick) refers to rtx_kernel.o(.text.osKernelGetState) for osKernelGetState
    main.o(.text.HAL_GetTick) refers to rtx_kernel.o(.text.osKernelGetTickCount) for osKernelGetTickCount
    main.o(.text.HAL_GetTick) refers to system_stm32f4xx.o(.data.SystemCoreClock) for SystemCoreClock
    main.o(.text.HAL_GetTick) refers to main.o(.bss.HAL_GetTick.ticks) for HAL_GetTick.ticks
    main.o(.ARM.exidx.text.HAL_GetTick) refers to main.o(.text.HAL_GetTick) for [Anonymous Symbol]
    main.o(.ARM.exidx.text.HAL_InitTick) refers to main.o(.text.HAL_InitTick) for [Anonymous Symbol]
    main.o(.text.main) refers to stm32f4xx_hal.o(.text.HAL_Init) for HAL_Init
    main.o(.text.main) refers to stm32f4xx_hal_rcc.o(.text.HAL_RCC_OscConfig) for HAL_RCC_OscConfig
    main.o(.text.main) refers to stm32f4xx_hal_rcc.o(.text.HAL_RCC_ClockConfig) for HAL_RCC_ClockConfig
    main.o(.text.main) refers to stm32f4xx_hal.o(.text.HAL_GetREVID) for HAL_GetREVID
    main.o(.text.main) refers to system_stm32f4xx.o(.text.SystemCoreClockUpdate) for SystemCoreClockUpdate
    main.o(.text.main) refers to rtx_kernel.o(.text.osKernelInitialize) for osKernelInitialize
    main.o(.text.main) refers to tasks.o(.text.app_main) for app_main
    main.o(.text.main) refers to rtx_thread.o(.text.osThreadNew) for osThreadNew
    main.o(.text.main) refers to rtx_kernel.o(.text.osKernelStart) for osKernelStart
    main.o(.ARM.exidx.text.main) refers to main.o(.text.main) for [Anonymous Symbol]
    uart2.o(.text.Init_UART2) refers to stm32f4xx_hal_gpio.o(.text.HAL_GPIO_Init) for HAL_GPIO_Init
    uart2.o(.text.Init_UART2) refers to uart2.o(.bss.huart2) for huart2
    uart2.o(.text.Init_UART2) refers to stm32f4xx_hal_uart.o(.text.HAL_UART_Init) for HAL_UART_Init
    uart2.o(.text.Init_UART2) refers to stm32f4xx_hal_uart.o(.text.HAL_UART_Transmit) for HAL_UART_Transmit
    uart2.o(.ARM.exidx.text.Init_UART2) refers to uart2.o(.text.Init_UART2) for [Anonymous Symbol]
    uart2.o(.text.UART_WriteString) refers to strlen.o(.text) for strlen
    uart2.o(.text.UART_WriteString) refers to uart2.o(.bss.huart2) for huart2
    uart2.o(.text.UART_WriteString) refers to stm32f4xx_hal_uart.o(.text.HAL_UART_Transmit) for HAL_UART_Transmit
    uart2.o(.ARM.exidx.text.UART_WriteString) refers to uart2.o(.text.UART_WriteString) for [Anonymous Symbol]
    tasks.o(.text.Task1) refers to LED_F4Discovery.o(.text.LED_On) for LED_On
    tasks.o(.text.Task1) refers to rtx_delay.o(.text.osDelay) for osDelay
    tasks.o(.text.Task1) refers to LED_F4Discovery.o(.text.LED_Off) for LED_Off
    tasks.o(.ARM.exidx.text.Task1) refers to tasks.o(.text.Task1) for [Anonymous Symbol]
    tasks.o(.text.Task2) refers to LED_F4Discovery.o(.text.LED_On) for LED_On
    tasks.o(.text.Task2) refers to rtx_delay.o(.text.osDelay) for osDelay
    tasks.o(.text.Task2) refers to LED_F4Discovery.o(.text.LED_Off) for LED_Off
    tasks.o(.ARM.exidx.text.Task2) refers to tasks.o(.text.Task2) for [Anonymous Symbol]
    tasks.o(.text.Task3) refers to LED_F4Discovery.o(.text.LED_On) for LED_On
    tasks.o(.text.Task3) refers to rtx_delay.o(.text.osDelay) for osDelay
    tasks.o(.text.Task3) refers to LED_F4Discovery.o(.text.LED_Off) for LED_Off
    tasks.o(.ARM.exidx.text.Task3) refers to tasks.o(.text.Task3) for [Anonymous Symbol]
    tasks.o(.text.Task4) refers to LED_F4Discovery.o(.text.LED_On) for LED_On
    tasks.o(.text.Task4) refers to rtx_delay.o(.text.osDelay) for osDelay
    tasks.o(.text.Task4) refers to LED_F4Discovery.o(.text.LED_Off) for LED_Off
    tasks.o(.ARM.exidx.text.Task4) refers to tasks.o(.text.Task4) for [Anonymous Symbol]
    tasks.o(.text.Task5) refers to oledb.o(.text.oledb_write_string) for oledb_write_string
    tasks.o(.text.Task5) refers to tasks.o(.rodata.str1.1) for .L.str.3
    tasks.o(.text.Task5) refers to oledb.o(.text.oledb_send_cmd) for oledb_send_cmd
    tasks.o(.text.Task5) refers to rtx_delay.o(.text.osDelay) for osDelay
    tasks.o(.text.Task5) refers to printfa.o(i.__0sprintf) for __2sprintf
    tasks.o(.ARM.exidx.text.Task5) refers to tasks.o(.text.Task5) for [Anonymous Symbol]
    tasks.o(.text.Task6) refers to tasks.o(.bss.BufferUART_Task6) for BufferUART_Task6
    tasks.o(.text.Task6) refers to rtx_delay.o(.text.osDelay) for osDelay
    tasks.o(.text.Task6) refers to proximity7.o(.text.proximity7_generic_read) for proximity7_generic_read
    tasks.o(.text.Task6) refers to proximity7.o(.text.proximity7_get_lux_level) for proximity7_get_lux_level
    tasks.o(.text.Task6) refers to f2d.o(.text) for __aeabi_f2d
    tasks.o(.text.Task6) refers to printfa.o(i.__0sprintf) for __2sprintf
    tasks.o(.text.Task6) refers to uart2.o(.text.UART_WriteString) for UART_WriteString
[...]
    [Anonymous Symbol]                       0x08005cbc   Section        0  rtx_msgqueue.o(.text.svcRtxMessageQueueGet)
    svcRtxMessageQueueNew                    0x08005e7d   Thumb Code   352  rtx_msgqueue.o(.text.svcRtxMessageQueueNew)
    [Anonymous Symbol]                       0x08005e7c   Section        0  rtx_msgqueue.o(.text.svcRtxMessageQueueNew)
    svcRtxMessageQueuePut                    0x08005fdd   Thumb Code   326  rtx_msgqueue.o(.text.svcRtxMessageQueuePut)
    [Anonymous Symbol]                       0x08005fdc   Section        0  rtx_msgqueue.o(.text.svcRtxMessageQueuePut)
    svcRtxThreadExit                         0x08006125   Thumb Code   178  rtx_thread.o(.text.svcRtxThreadExit)
    [Anonymous Symbol]                       0x08006124   Section        0  rtx_thread.o(.text.svcRtxThreadExit)
    svcRtxThreadNew                          0x080061d9   Thumb Code   544  rtx_thread.o(.text.svcRtxThreadNew)
    [Anonymous Symbol]                       0x080061d8   Section        0  rtx_thread.o(.text.svcRtxThreadNew)
    [Anonymous Symbol]                       0x080063f8   Section        0  temphum15.o(.text.temphum15_default_cfg)
    [Anonymous Symbol]                       0x08006430   Section        0  temphum15.o(.text.temphum15_get_temp_and_hum)
    delay_ptr_arr                            0x08006510   Number         0  temphum15.o(.text.temphum15_get_temp_and_hum)
    [Anonymous Symbol]                       0x08006534   Section        0  temphum15.o(.text.temphum15_init)
    i.__0sprintf                             0x08006608   Section        0  printfa.o(i.__0sprintf)
    i.__scatterload_copy                     0x08006630   Section       14  handlers.o(i.__scatterload_copy)
    i.__scatterload_null                     0x0800663e   Section        2  handlers.o(i.__scatterload_null)
    i.__scatterload_zeroinit                 0x08006640   Section       14  handlers.o(i.__scatterload_zeroinit)
    _fp_digits                               0x08006651   Thumb Code   366  printfa.o(i._fp_digits)
    i._fp_digits                             0x08006650   Section        0  printfa.o(i._fp_digits)
    _printf_core                             0x080067d5   Thumb Code  1744  printfa.o(i._printf_core)
    i._printf_core                           0x080067d4   Section        0  printfa.o(i._printf_core)
    _printf_post_padding                     0x08006eb1   Thumb Code    36  printfa.o(i._printf_post_padding)
    i._printf_post_padding                   0x08006eb0   Section        0  printfa.o(i._printf_post_padding)
    _printf_pre_padding                      0x08006ed5   Thumb Code    46  printfa.o(i._printf_pre_padding)
    i._printf_pre_padding                    0x08006ed4   Section        0  printfa.o(i._printf_pre_padding)
    _sputc                                   0x08006f03   Thumb Code    10  printfa.o(i._sputc)
    i._sputc                                 0x08006f02   Section        0  printfa.o(i._sputc)
    __tagsym$$used.0                         0x08006f0c   Number         0  rtx_lib.o(.rodata)
    __tagsym$$used.1                         0x08006f7c   Number         0  rtx_lib.o(.rodata)
    C7SEG_CHAR_TABLE                         0x08006fcc   Data          51  c7seg.o(.rodata.C7SEG_CHAR_TABLE)
    [Anonymous Symbol]                       0x08006fcc   Section        0  c7seg.o(.rodata.C7SEG_CHAR_TABLE)
    __tagsym$$used.0                         0x08007000   Number         0  EventRecorder.o(.rodata.EventRecorderInfo)
    LED_PIN                                  0x08007018   Data          32  LED_F4Discovery.o(.rodata.cst32)
    [Anonymous Symbol]                       0x08007018   Section        0  LED_F4Discovery.o(.rodata.cst32)
    os_idle_thread_attr                      0x0800727c   Data          36  rtx_lib.o(.rodata.os_idle_thread_attr)
    [Anonymous Symbol]                       0x0800727c   Section        0  rtx_lib.o(.rodata.os_idle_thread_attr)
    os_timer_mq_attr                         0x080072a0   Data          24  rtx_lib.o(.rodata.os_timer_mq_attr)
    [Anonymous Symbol]                       0x080072a0   Section        0  rtx_lib.o(.rodata.os_timer_mq_attr)
    os_timer_thread_attr                     0x080072b8   Data          36  rtx_lib.o(.rodata.os_timer_thread_attr)
    [Anonymous Symbol]                       0x080072b8   Section        0  rtx_lib.o(.rodata.os_timer_thread_attr)
    .L.str.3                                 0x080072dc   Data          17  tasks.o(.rodata.str1.1)
    [Anonymous Symbol]                       0x080072dc   Section        0  tasks.o(.rodata.str1.1)
    .L.str                                   0x080072ed   Data          16  proximity7.o(.rodata.str1.1)
    [Anonymous Symbol]                       0x080072ed   Section        0  proximity7.o(.rodata.str1.1)
    .L.str.1                                 0x080072fd   Data          15  proximity7.o(.rodata.str1.1)
    .L.str                                   0x0800730c   Data          11  rtx_kernel.o(.rodata.str1.4)
    [Anonymous Symbol]                       0x0800730c   Section        0  rtx_kernel.o(.rodata.str1.4)
    TS_OverflowLock                          0x10000000   Data           1  EventRecorder.o(.bss.TS_OverflowLock)
    [Anonymous Symbol]                       0x10000000   Section        0  EventRecorder.o(.bss.TS_OverflowLock)
    EventBuffer                              0x10000040   Data        1024  EventRecorder.o(.bss.noinit)
    [Anonymous Symbol]                       0x10000040   Section        0  EventRecorder.o(.bss.noinit)
    EventFilter                              0x10000440   Data         128  EventRecorder.o(.bss.noinit)
    EventStatus                              0x100004c0   Data          36  EventRecorder.o(.bss.noinit)
    os_mpi_ef                                0x200000a8   Data          24  rtx_lib.o(.data.os.evflags.mpi)
    [Anonymous Symbol]                       0x200000a8   Section        0  rtx_lib.o(.data.os.evflags.mpi)
    os_mpi_mutex                             0x200000c0   Data          24  rtx_lib.o(.data.os.mutex.mpi)
    [Anonymous Symbol]                       0x200000c0   Section        0  rtx_lib.o(.data.os.mutex.mpi)
    HAL_GetTick.ticks                        0x200001e0   Data           4  main.o(.bss.HAL_GetTick.ticks)
    [Anonymous Symbol]                       0x200001e0   Section        0  main.o(.bss.HAL_GetTick.ticks)
    os_isr_queue                             0x20000398   Data          64  rtx_lib.o(.bss.os)
    [Anonymous Symbol]                       0x20000398   Section        0  rtx_lib.o(.bss.os)
    os_mem                                   0x200003d8   Data       32768  rtx_lib.o(.bss.os)
    PendST                                   0x200083d8   Data           1  os_systick.o(.bss.os)
    [Anonymous Symbol]                       0x200083d8   Section        0  os_systick.o(.bss.os)
    os_ef_cb                                 0x200083dc   Data          16  rtx_lib.o(.bss.os.evflags.cb)
    [Anonymous Symbol]                       0x200083dc   Section        0  rtx_lib.o(.bss.os.evflags.cb)
    os_timer_mq_cb                           0x200083ec   Data          52  rtx_lib.o(.bss.os.msgqueue.cb)
    [Anonymous Symbol]                       0x200083ec   Section        0  rtx_lib.o(.bss.os.msgqueue.cb)
    os_timer_mq_data                         0x20008420   Data          80  rtx_lib.o(.bss.os.msgqueue.mem)
    [Anonymous Symbol]                       0x20008420   Section        0  rtx_lib.o(.bss.os.msgqueue.mem)
    os_mutex_cb                              0x20008470   Data          28  rtx_lib.o(.bss.os.mutex.cb)
    [Anonymous Symbol]                       0x20008470   Section        0  rtx_lib.o(.bss.os.mutex.cb)
    os_idle_thread_cb                        0x2000848c   Data          68  rtx_lib.o(.bss.os.thread.cb)
    [Anonymous Symbol]                       0x2000848c   Section        0  rtx_lib.o(.bss.os.thread.cb)
    os_timer_thread_cb                       0x200084d0   Data          68  rtx_lib.o(.bss.os.thread.cb)
    os_idle_thread_stack                     0x20008518   Data         512  rtx_lib.o(.bss.os.thread.idle.stack)
    [Anonymous Symbol]                       0x20008518   Section        0  rtx_lib.o(.bss.os.thread.idle.stack)
    os_timer_thread_stack                    0x20008718   Data         512  rtx_lib.o(.bss.os.thread.timer.stack)
    [Anonymous Symbol]                       0x20008718   Section        0  rtx_lib.o(.bss.os.thread.timer.stack)
    tid_Task1                                0x20008918   Data           4  tasks.o(.bss.tid_Task1)
    [Anonymous Symbol]                       0x20008918   Section        0  tasks.o(.bss.tid_Task1)
    tid_Task2                                0x2000891c   Data           4  tasks.o(.bss.tid_Task2)
    [Anonymous Symbol]                       0x2000891c   Section        0  tasks.o(.bss.tid_Task2)
    tid_Task3                                0x20008920   Data           4  tasks.o(.bss.tid_Task3)
    [Anonymous Symbol]                       0x20008920   Section        0  tasks.o(.bss.tid_Task3)
    tid_Task4                                0x20008924   Data           4  tasks.o(.bss.tid_Task4)
    [Anonymous Symbol]                       0x20008924   Section        0  tasks.o(.bss.tid_Task4)
    tid_Task5                                0x20008928   Data           4  tasks.o(.bss.tid_Task5)
    [Anonymous Symbol]                       0x20008928   Section        0  tasks.o(.bss.tid_Task5)
    tid_Task6                                0x2000892c   Data           4  tasks.o(.bss.tid_Task6)
    [Anonymous Symbol]                       0x2000892c   Section        0  tasks.o(.bss.tid_Task6)
    tid_Task7                                0x20008930   Data           4  tasks.o(.bss.tid_Task7)
    [Anonymous Symbol]                       0x20008930   Section        0  tasks.o(.bss.tid_Task7)
    tid_Task8                                0x20008934   Data           4  tasks.o(.bss.tid_Task8)
    [Anonymous Symbol]                       0x20008934   Section        0  tasks.o(.bss.tid_Task8)
    STACK                                    0x20008a38   Section     1024  startup_stm32f407xx.o(STACK)
    FPCCR                                    0xe000ef34   Number         0  irq_armv7m.o ABSOLUTE

    Global Symbols

    Symbol Name                              Value     Ov Type        Size  Object(Section)

    BuildAttributes$$THM_ISAv4$E$P$D$K$B$S$7EM$VFPi3$EXTD16$VFPS$VFMA$PE$A:L22UL41UL21$X:L11$S22US41US21$IEEE1$IW$~IW$USESV6$~STKCKD$USESV7$~SHL$OTIME$ROPI$EBA8$MICROLIB$REQ8$PRES8$EABIv2 0x00000000   Number         0  anon$$obj.o ABSOLUTE
    _printf_a                                0x00000000   Number         0  printfstubs.o ABSOLUTE
    _printf_c                                0x00000000   Number         0  printfstubs.o ABSOLUTE
    _printf_charcount                        0x00000000   Number         0  printfstubs.o ABSOLUTE
    _printf_d                                0x00000000   Number         0  printfstubs.o ABSOLUTE
    _printf_e                                0x00000000   Number         0  printfstubs.o ABSOLUTE
    _printf_f                                0x00000000   Number         0  printfstubs.o ABSOLUTE
    _printf_flags                            0x00000000   Number         0  printfstubs.o ABSOLUTE
    _printf_fp_dec                           0x00000000   Number         0  printfstubs.o ABSOLUTE
    _printf_fp_hex                           0x00000000   Number         0  printfstubs.o ABSOLUTE
    _printf_g                                0x00000000   Number         0  printfstubs.o ABSOLUTE
    _printf_i                                0x00000000   Number         0  printfstubs.o ABSOLUTE
    _printf_int_dec                          0x00000000   Number         0  printfstubs.o ABSOLUTE
    _printf_l                                0x00000000   Number         0  printfstubs.o ABSOLUTE
    _printf_lc                               0x00000000   Number         0  printfstubs.o ABSOLUTE
    _printf_ll                               0x00000000   Number         0  printfstubs.o ABSOLUTE
    _printf_lld                              0x00000000   Number         0  printfstubs.o ABSOLUTE
    _printf_lli                              0x00000000   Number         0  printfstubs.o ABSOLUTE
    _printf_llo                              0x00000000   Number         0  printfstubs.o ABSOLUTE
    _printf_llu                              0x00000000   Number         0  printfstubs.o ABSOLUTE
    _printf_llx                              0x00000000   Number         0  printfstubs.o ABSOLUTE
    _printf_longlong_dec                     0x00000000   Number         0  printfstubs.o ABSOLUTE
    _printf_longlong_hex                     0x00000000   Number         0  printfstubs.o ABSOLUTE
    _printf_longlong_oct                     0x00000000   Number         0  printfstubs.o ABSOLUTE
    _printf_ls                               0x00000000   Number         0  printfstubs.o ABSOLUTE
    _printf_mbtowc                           0x00000000   Number         0  printfstubs.o ABSOLUTE
    _printf_n                                0x00000000   Number         0  printfstubs.o ABSOLUTE
    _printf_o                                0x00000000   Number         0  printfstubs.o ABSOLUTE
    _printf_p                                0x00000000   Number         0  printfstubs.o ABSOLUTE
    _printf_percent                          0x00000000   Number         0  printfstubs.o ABSOLUTE
    _printf_pre_padding                      0x00000000   Number         0  printfstubs.o ABSOLUTE
    _printf_return_value                     0x00000000   Number         0  printfstubs.o ABSOLUTE
    _printf_s                                0x00000000   Number         0  printfstubs.o ABSOLUTE
    _printf_sizespec                         0x00000000   Number         0  printfstubs.o ABSOLUTE
    _printf_str                              0x00000000   Number         0  printfstubs.o ABSOLUTE
    _printf_truncate_signed                  0x00000000   Number         0  printfstubs.o ABSOLUTE
    _printf_truncate_unsigned                0x00000000   Number         0  printfstubs.o ABSOLUTE
    _printf_u                                0x00000000   Number         0  printfstubs.o ABSOLUTE
    _printf_wc                               0x00000000   Number         0  printfstubs.o ABSOLUTE
    _printf_wctomb                           0x00000000   Number         0  printfstubs.o ABSOLUTE
    _printf_widthprec                        0x00000000   Number         0  printfstubs.o ABSOLUTE
    _printf_x                                0x00000000   Number         0  printfstubs.o ABSOLUTE
    .bss.os.mempool.cb$$Base                  - Undefined Weak Reference
    .bss.os.mempool.cb$$Limit                 - Undefined Weak Reference
    .bss.os.semaphore.cb$$Base                - Undefined Weak Reference
    .bss.os.semaphore.cb$$Limit               - Undefined Weak Reference
    .bss.os.timer.cb$$Base                    - Undefined Weak Reference
    .bss.os.timer.cb$$Limit                   - Undefined Weak Reference
    __cpp_initialize__aeabi_                  - Undefined Weak Reference
    __cxa_finalize                            - Undefined Weak Reference
    __decompress                              - Undefined Weak Reference
    _clock_init                               - Undefined Weak Reference
    _microlib_exit                            - Undefined Weak Reference
    __Vectors_Size                           0x00000188   Number         0  startup_stm32f407xx.o ABSOLUTE
    __Vectors                                0x08000000   Data           4  startup_stm32f407xx.o(RESET)
    __Vectors_End                            0x08000188   Data           0  startup_stm32f407xx.o(RESET)
    __main                                   0x08000189   Thumb Code     0  entry.o(.ARM.Collect$$$$00000000)
    _main_stk                                0x08000189   Thumb Code     0  entry2.o(.ARM.Collect$$$$00000001)
    _main_scatterload                        0x0800018d   Thumb Code     0  entry5.o(.ARM.Collect$$$$00000004)
    __main_after_scatterload                 0x08000191   Thumb Code     0  entry5.o(.ARM.Collect$$$$00000004)
    _main_clock                              0x08000191   Thumb Code     0  entry7b.o(.ARM.Collect$$$$00000008)
    _main_cpp_init                           0x08000191   Thumb Code     0  entry8b.o(.ARM.Collect$$$$0000000A)
    _main_init                               0x08000191   Thumb Code     0  entry9a.o(.ARM.Collect$$$$0000000B)
    __rt_final_cpp                           0x08000199   Thumb Code     0  entry10a.o(.ARM.Collect$$$$0000000D)
    __rt_final_exit                          0x08000199   Thumb Code     0  entry11a.o(.ARM.Collect$$$$0000000F)
    SVC_Handler                              0x0800019d   Thumb Code   210  irq_armv7m.o(.text)
    PendSV_Handler                           0x0800026f   Thumb Code    16  irq_armv7m.o(.text)
    SysTick_Handler                          0x0800027f   Thumb Code    16  irq_armv7m.o(.text)
    Reset_Handler                            0x080002a1   Thumb Code     8  startup_stm32f407xx.o(.text)
    NMI_Handler                              0x080002a9   Thumb Code     2  startup_stm32f407xx.o(.text)
    HardFault_Handler                        0x080002ab   Thumb Code     2  startup_stm32f407xx.o(.text)
    MemManage_Handler                        0x080002ad   Thumb Code     2  startup_stm32f407xx.o(.text)
    BusFault_Handler                         0x080002af   Thumb Code     2  startup_stm32f407xx.o(.text)
    UsageFault_Handler                       0x080002b1   Thumb Code     2  startup_stm32f407xx.o(.text)
    DebugMon_Handler                         0x080002b5   Thumb Code     2  startup_stm32f407xx.o(.text)
    ADC_IRQHandler                           0x080002bb   Thumb Code     0  startup_stm32f407xx.o(.text)
    CAN1_RX0_IRQHandler                      0x080002bb   Thumb Code     0  startup_stm32f407xx.o(.text)
    CAN1_RX1_IRQHandler                      0x080002bb   Thumb Code     0  startup_stm32f407xx.o(.text)
    CAN1_SCE_IRQHandler                      0x080002bb   Thumb Code     0  startup_stm32f407xx.o(.text)
    CAN1_TX_IRQHandler                       0x080002bb   Thumb Code     0  startup_stm32f407xx.o(.text)
    CAN2_RX0_IRQHandler                      0x080002bb   Thumb Code     0  startup_stm32f407xx.o(.text)
    CAN2_RX1_IRQHandler                      0x080002bb   Thumb Code     0  startup_stm32f407xx.o(.text)
    CAN2_SCE_IRQHandler                      0x080002bb   Thumb Code     0  startup_stm32f407xx.o(.text)
    CAN2_TX_IRQHandler                       0x080002bb   Thumb Code     0  startup_stm32f407xx.o(.text)
    DCMI_IRQHandler                          0x080002bb   Thumb Code     0  startup_stm32f407xx.o(.text)
    DMA1_Stream0_IRQHandler                  0x080002bb   Thumb Code     0  startup_stm32f407xx.o(.text)
    DMA1_Stream1_IRQHandler                  0x080002bb   Thumb Code     0  startup_stm32f407xx.o(.text)
    DMA1_Stream2_IRQHandler                  0x080002bb   Thumb Code     0  startup_stm32f407xx.o(.text)
    DMA1_Stream3_IRQHandler                  0x080002bb   Thumb Code     0  startup_stm32f407xx.o(.text)
    DMA1_Stream4_IRQHandler                  0x080002bb   Thumb Code     0  startup_stm32f407xx.o(.text)
    DMA1_Stream5_IRQHandler                  0x080002bb   Thumb Code     0  startup_stm32f407xx.o(.text)
    DMA1_Stream6_IRQHandler                  0x080002bb   Thumb Code     0  startup_stm32f407xx.o(.text)
    DMA1_Stream7_IRQHandler                  0x080002bb   Thumb Code     0  startup_stm32f407xx.o(.text)
    DMA2_Stream0_IRQHandler                  0x080002bb   Thumb Code     0  startup_stm32f407xx.o(.text)
    DMA2_Stream1_IRQHandler                  0x080002bb   Thumb Code     0  startup_stm32f407xx.o(.text)
    DMA2_Stream2_IRQHandler                  0x080002bb   Thumb Code     0  startup_stm32f407xx.o(.text)
    DMA2_Stream3_IRQHandler                  0x080002bb   Thumb Code     0  startup_stm32f407xx.o(.text)
    DMA2_Stream4_IRQHandler                  0x080002bb   Thumb Code     0  startup_stm32f407xx.o(.text)
    DMA2_Stream5_IRQHandler                  0x080002bb   Thumb Code     0  startup_stm32f407xx.o(.text)
    DMA2_Stream6_IRQHandler                  0x080002bb   Thumb Code     0  startup_stm32f407xx.o(.text)
    DMA2_Stream7_IRQHandler                  0x080002bb   Thumb Code     0  startup_stm32f407xx.o(.text)
    ETH_IRQHandler                           0x080002bb   Thumb Code     0  startup_stm32f407xx.o(.text)
    ETH_WKUP_IRQHandler                      0x080002bb   Thumb Code     0  startup_stm32f407xx.o(.text)
    EXTI0_IRQHandler                         0x080002bb   Thumb Code     0  startup_stm32f407xx.o(.text)
    EXTI15_10_IRQHandler                     0x080002bb   Thumb Code     0  startup_stm32f407xx.o(.text)
    EXTI1_IRQHandler                         0x080002bb   Thumb Code     0  startup_stm32f407xx.o(.text)
    EXTI2_IRQHandler                         0x080002bb   Thumb Code     0  startup_stm32f407xx.o(.text)
    EXTI3_IRQHandler                         0x080002bb   Thumb Code     0  startup_stm32f407xx.o(.text)
    EXTI4_IRQHandler                         0x080002bb   Thumb Code     0  startup_stm32f407xx.o(.text)
    EXTI9_5_IRQHandler                       0x080002bb   Thumb Code     0  startup_stm32f407xx.o(.text)
    FLASH_IRQHandler                         0x080002bb   Thumb Code     0  startup_stm32f407xx.o(.text)
    FMC_IRQHandler                           0x080002bb   Thumb Code     0  startup_stm32f407xx.o(.text)
    FPU_IRQHandler                           0x080002bb   Thumb Code     0  startup_stm32f407xx.o(.text)
    HASH_RNG_IRQHandler                      0x080002bb   Thumb Code     0  startup_stm32f407xx.o(.text)
    I2C1_ER_IRQHandler                       0x080002bb   Thumb Code     0  startup_stm32f407xx.o(.text)
    I2C1_EV_IRQHandler                       0x080002bb   Thumb Code     0  startup_stm32f407xx.o(.text)
    I2C2_ER_IRQHandler                       0x080002bb   Thumb Code     0  startup_stm32f407xx.o(.text)
    I2C2_EV_IRQHandler                       0x080002bb   Thumb Code     0  startup_stm32f407xx.o(.text)
    I2C3_ER_IRQHandler                       0x080002bb   Thumb Code     0  startup_stm32f407xx.o(.text)
    I2C3_EV_IRQHandler                       0x080002bb   Thumb Code     0  startup_stm32f407xx.o(.text)
    OTG_FS_IRQHandler                        0x080002bb   Thumb Code     0  startup_stm32f407xx.o(.text)
    OTG_FS_WKUP_IRQHandler                   0x080002bb   Thumb Code     0  startup_stm32f407xx.o(.text)
    OTG_HS_EP1_IN_IRQHandler                 0x080002bb   Thumb Code     0  startup_stm32f407xx.o(.text)
    OTG_HS_EP1_OUT_IRQHandler                0x080002bb   Thumb Code     0  startup_stm32f407xx.o(.text)
    OTG_HS_IRQHandler                        0x080002bb   Thumb Code     0  startup_stm32f407xx.o(.text)
    OTG_HS_WKUP_IRQHandler                   0x080002bb   Thumb Code     0  startup_stm32f407xx.o(.text)
    PVD_IRQHandler                           0x080002bb   Thumb Code     0  startup_stm32f407xx.o(.text)
    RCC_IRQHandler                           0x080002bb   Thumb Code     0  startup_stm32f407xx.o(.text)
    RTC_Alarm_IRQHandler                     0x080002bb   Thumb Code     0  startup_stm32f407xx.o(.text)
    RTC_WKUP_IRQHandler                      0x080002bb   Thumb Code     0  startup_stm32f407xx.o(.text)
    SDIO_IRQHandler                          0x080002bb   Thumb Code     0  startup_stm32f407xx.o(.text)
    SPI1_IRQHandler                          0x080002bb   Thumb Code     0  startup_stm32f407xx.o(.text)
    SPI2_IRQHandler                          0x080002bb   Thumb Code     0  startup_stm32f407xx.o(.text)
    SPI3_IRQHandler                          0x080002bb   Thumb Code     0  startup_stm32f407xx.o(.text)
    TAMP_STAMP_IRQHandler                    0x080002bb   Thumb Code     0  startup_stm32f407xx.o(.text)
    TIM1_BRK_TIM9_IRQHandler                 0x080002bb   Thumb Code     0  startup_stm32f407xx.o(.text)
    TIM1_CC_IRQHandler                       0x080002bb   Thumb Code     0  startup_stm32f407xx.o(.text)
    TIM1_TRG_COM_TIM11_IRQHandler            0x080002bb   Thumb Code     0  startup_stm32f407xx.o(.text)
    TIM1_UP_TIM10_IRQHandler                 0x080002bb   Thumb Code     0  startup_stm32f407xx.o(.text)
    TIM2_IRQHandler                          0x080002bb   Thumb Code     0  startup_stm32f407xx.o(.text)
    TIM3_IRQHandler                          0x080002bb   Thumb Code     0  startup_stm32f407xx.o(.text)
    TIM4_IRQHandler                          0x080002bb   Thumb Code     0  startup_stm32f407xx.o(.text)
    TIM5_IRQHandler                          0x080002bb   Thumb Code     0  startup_stm32f407xx.o(.text)
    TIM6_DAC_IRQHandler                      0x080002bb   Thumb Code     0  startup_stm32f407xx.o(.text)
    TIM7_IRQHandler                          0x080002bb   Thumb Code     0  startup_stm32f407xx.o(.text)
    TIM8_BRK_TIM12_IRQHandler                0x080002bb   Thumb Code     0  startup_stm32f407xx.o(.text)
    TIM8_CC_IRQHandler                       0x080002bb   Thumb Code     0  startup_stm32f407xx.o(.text)
    TIM8_TRG_COM_TIM14_IRQHandler            0x080002bb   Thumb Code     0  startup_stm32f407xx.o(.text)
    TIM8_UP_TIM13_IRQHandler                 0x080002bb   Thumb Code     0  startup_stm32f407xx.o(.text)
    UART4_IRQHandler                         0x080002bb   Thumb Code     0  startup_stm32f407xx.o(.text)
    UART5_IRQHandler                         0x080002bb   Thumb Code     0  startup_stm32f407xx.o(.text)
    USART1_IRQHandler                        0x080002bb   Thumb Code     0  startup_stm32f407xx.o(.text)
    USART2_IRQHandler                        0x080002bb   Thumb Code     0  startup_stm32f407xx.o(.text)
    USART3_IRQHandler                        0x080002bb   Thumb Code     0  startup_stm32f407xx.o(.text)
    USART6_IRQHandler                        0x080002bb   Thumb Code     0  startup_stm32f407xx.o(.text)
    WWDG_IRQHandler                          0x080002bb   Thumb Code     0  startup_stm32f407xx.o(.text)
    __aeabi_uldivmod                         0x080002c5   Thumb Code    98  uldiv.o(.text)
    __aeabi_memcpy                           0x08000327   Thumb Code    36  memcpya.o(.text)
    __aeabi_memcpy4                          0x08000327   Thumb Code     0  memcpya.o(.text)
    __aeabi_memcpy8                          0x08000327   Thumb Code     0  memcpya.o(.text)
    __aeabi_memset                           0x0800034b   Thumb Code    14  memseta.o(.text)
    __aeabi_memset4                          0x0800034b   Thumb Code     0  memseta.o(.text)
    __aeabi_memset8                          0x0800034b   Thumb Code     0  memseta.o(.text)
    __aeabi_memclr                           0x08000359   Thumb Code     4  memseta.o(.text)
    __aeabi_memclr4                          0x08000359   Thumb Code     0  memseta.o(.text)
    __aeabi_memclr8                          0x08000359   Thumb Code     0  memseta.o(.text)
    _memset$wrapper                          0x0800035d   Thumb Code    18  memseta.o(.text)
    strlen                                   0x0800036f   Thumb Code    14  strlen.o(.text)
    __aeabi_dadd                             0x0800037d   Thumb Code   322  dadd.o(.text)
    __aeabi_dsub                             0x080004bf   Thumb Code     6  dadd.o(.text)
    __aeabi_drsub                            0x080004c5   Thumb Code     6  dadd.o(.text)
    __aeabi_dmul                             0x080004cb   Thumb Code   228  dmul.o(.text)
    __aeabi_ddiv                             0x080005af   Thumb Code   222  ddiv.o(.text)
    __aeabi_dcmplt                           0x0800068d   Thumb Code    54  dcmplt.o(.text)
    __aeabi_dcmpgt                           0x080006c3   Thumb Code    54  dcmpgt.o(.text)
    __aeabi_ui2d                             0x080006f9   Thumb Code    26  dfltui.o(.text)
    __aeabi_d2iz                             0x08000713   Thumb Code    62  dfixi.o(.text)
    __aeabi_f2d                              0x08000751   Thumb Code    38  f2d.o(.text)
    __aeabi_d2f                              0x08000777   Thumb Code    56  d2f.o(.text)
    __aeabi_uidiv                            0x080007af   Thumb Code     0  uidiv.o(.text)
    __aeabi_uidivmod                         0x080007af   Thumb Code    44  uidiv.o(.text)
    __aeabi_llsl                             0x080007db   Thumb Code    30  llshl.o(.text)
    _ll_shift_l                              0x080007db   Thumb Code     0  llshl.o(.text)
    __aeabi_llsr                             0x080007f9   Thumb Code    32  llushr.o(.text)
    _ll_ushift_r                             0x080007f9   Thumb Code     0  llushr.o(.text)
    __aeabi_lasr                             0x08000819   Thumb Code    36  llsshr.o(.text)
    _ll_sshift_r                             0x08000819   Thumb Code     0  llsshr.o(.text)
    __I$use$fp                               0x0800083d   Thumb Code     0  iusefp.o(.text)
    _float_round                             0x0800083d   Thumb Code    18  fepilogue.o(.text)
    _float_epilogue                          0x0800084f   Thumb Code    92  fepilogue.o(.text)
    _double_round                            0x080008ab   Thumb Code    30  depilogue.o(.text)
    _double_epilogue                         0x080008c9   Thumb Code   156  depilogue.o(.text)
    __aeabi_d2ulz                            0x08000965   Thumb Code    48  dfixul.o(.text)
    __aeabi_cdrcmple                         0x08000995   Thumb Code    48  cdrcmple.o(.text)
    __scatterload                            0x080009c5   Thumb Code    38  init.o(.text)
    __scatterload_rt2                        0x080009c5   Thumb Code     0  init.o(.text)
    Buttons_Initialize                       0x080009f5   Thumb Code    60  Buttons_F4Discovery.o(.text.Buttons_Initialize)
    EventRecord2                             0x08000a31   Thumb Code   404  EventRecorder.o(.text.EventRecord2)
    EventRecord4                             0x08000bc5   Thumb Code   680  EventRecorder.o(.text.EventRecord4)
    EventRecorderDisable                     0x08000e6d   Thumb Code   122  EventRecorder.o(.text.EventRecorderDisable)
    EventRecorderEnable                      0x08000ee9   Thumb Code   120  EventRecorder.o(.text.EventRecorderEnable)
    EventRecorderInitialize                  0x08000f61   Thumb Code   724  EventRecorder.o(.text.EventRecorderInitialize)
    EventRecorderStart                       0x08001235   Thumb Code   328  EventRecorder.o(.text.EventRecorderStart)
    EventRecorderTimerGetCount               0x0800137d   Thumb Code    12  EventRecorder.o(.text.EventRecorderTimerGetCount)
    EventRecorderTimerGetFreq                0x08001389   Thumb Code    12  EventRecorder.o(.text.EventRecorderTimerGetFreq)
    EventRecorderTimerSetup                  0x08001395   Thumb Code    36  EventRecorder.o(.text.EventRecorderTimerSetup)
    EvrRtxDelay                              0x080013b9   Thumb Code    16  rtx_evr.o(.text.EvrRtxDelay)
    EvrRtxDelayCompleted                     0x080013c9   Thumb Code    16  rtx_evr.o(.text.EvrRtxDelayCompleted)
    EvrRtxDelayError                         0x080013d9   Thumb Code    12  rtx_evr.o(.text.EvrRtxDelayError)
    EvrRtxDelayStarted                       0x080013e5   Thumb Code    16  rtx_evr.o(.text.EvrRtxDelayStarted)
    EvrRtxEventFlagsWaitTimeout              0x080013f5   Thumb Code    16  rtx_evr.o(.text.EvrRtxEventFlagsWaitTimeout)
    EvrRtxKernelError                        0x08001405   Thumb Code    12  rtx_evr.o(.text.EvrRtxKernelError)
    EvrRtxKernelErrorNotify                  0x08001411   Thumb Code    12  rtx_evr.o(.text.EvrRtxKernelErrorNotify)
    EvrRtxKernelGetTickCount                 0x0800141d   Thumb Code    16  rtx_evr.o(.text.EvrRtxKernelGetTickCount)
    EvrRtxKernelInitialize                   0x0800142d   Thumb Code    16  rtx_evr.o(.text.EvrRtxKernelInitialize)
    EvrRtxKernelInitialized                  0x0800143d   Thumb Code    16  rtx_evr.o(.text.EvrRtxKernelInitialized)
    EvrRtxKernelStart                        0x0800144d   Thumb Code    16  rtx_evr.o(.text.EvrRtxKernelStart)
    EvrRtxKernelStarted                      0x0800145d   Thumb Code    16  rtx_evr.o(.text.EvrRtxKernelStarted)
    EvrRtxMemoryAlloc                        0x0800146d   Thumb Code    32  rtx_evr.o(.text.EvrRtxMemoryAlloc)
    EvrRtxMemoryBlockAlloc                   0x0800148d   Thumb Code    16  rtx_evr.o(.text.EvrRtxMemoryBlockAlloc)
    EvrRtxMemoryBlockFree                    0x0800149d   Thumb Code    34  rtx_evr.o(.text.EvrRtxMemoryBlockFree)
    EvrRtxMemoryBlockInit                    0x080014c1   Thumb Code    32  rtx_evr.o(.text.EvrRtxMemoryBlockInit)
    EvrRtxMemoryFree                         0x080014e1   Thumb Code    34  rtx_evr.o(.text.EvrRtxMemoryFree)
    EvrRtxMemoryInit                         0x08001505   Thumb Code    30  rtx_evr.o(.text.EvrRtxMemoryInit)
    EvrRtxMemoryPoolAllocTimeout             0x08001525   Thumb Code    16  rtx_evr.o(.text.EvrRtxMemoryPoolAllocTimeout)
    EvrRtxMessageQueueCreated                0x08001535   Thumb Code    16  rtx_evr.o(.text.EvrRtxMessageQueueCreated)
    EvrRtxMessageQueueError                  0x08001545   Thumb Code    12  rtx_evr.o(.text.EvrRtxMessageQueueError)
    EvrRtxMessageQueueGet                    0x08001551   Thumb Code    32  rtx_evr.o(.text.EvrRtxMessageQueueGet)
    EvrRtxMessageQueueGetPending             0x08001571   Thumb Code    34  rtx_evr.o(.text.EvrRtxMessageQueueGetPending)
    EvrRtxMessageQueueGetTimeout             0x08001595   Thumb Code    16  rtx_evr.o(.text.EvrRtxMessageQueueGetTimeout)
    EvrRtxMessageQueueInsertPending          0x080015a5   Thumb Code    16  rtx_evr.o(.text.EvrRtxMessageQueueInsertPending)
    EvrRtxMessageQueueInserted               0x080015b5   Thumb Code    16  rtx_evr.o(.text.EvrRtxMessageQueueInserted)
    EvrRtxMessageQueueNotInserted            0x080015c5   Thumb Code    16  rtx_evr.o(.text.EvrRtxMessageQueueNotInserted)
    EvrRtxMessageQueueNotRetrieved           0x080015d5   Thumb Code    16  rtx_evr.o(.text.EvrRtxMessageQueueNotRetrieved)
    EvrRtxMessageQueuePut                    0x080015e5   Thumb Code    32  rtx_evr.o(.text.EvrRtxMessageQueuePut)
    EvrRtxMessageQueuePutPending             0x08001605   Thumb Code    34  rtx_evr.o(.text.EvrRtxMessageQueuePutPending)
    EvrRtxMessageQueuePutTimeout             0x08001629   Thumb Code    16  rtx_evr.o(.text.EvrRtxMessageQueuePutTimeout)
    EvrRtxMessageQueueRetrieved              0x08001639   Thumb Code    16  rtx_evr.o(.text.EvrRtxMessageQueueRetrieved)
    EvrRtxMutexAcquireTimeout                0x08001649   Thumb Code    16  rtx_evr.o(.text.EvrRtxMutexAcquireTimeout)
    EvrRtxMutexAcquired                      0x08001659   Thumb Code    16  rtx_evr.o(.text.EvrRtxMutexAcquired)
    EvrRtxMutexReleased                      0x08001669   Thumb Code    16  rtx_evr.o(.text.EvrRtxMutexReleased)
    EvrRtxSemaphoreAcquireTimeout            0x08001679   Thumb Code    16  rtx_evr.o(.text.EvrRtxSemaphoreAcquireTimeout)
    EvrRtxThreadBlocked                      0x08001689   Thumb Code    16  rtx_evr.o(.text.EvrRtxThreadBlocked)
    EvrRtxThreadCreated                      0x08001699   Thumb Code    24  rtx_evr.o(.text.EvrRtxThreadCreated)
    EvrRtxThreadDestroyed                    0x080016b1   Thumb Code    16  rtx_evr.o(.text.EvrRtxThreadDestroyed)
    EvrRtxThreadError                        0x080016c1   Thumb Code    12  rtx_evr.o(.text.EvrRtxThreadError)
    EvrRtxThreadExit                         0x080016cd   Thumb Code    16  rtx_evr.o(.text.EvrRtxThreadExit)
    EvrRtxThreadFlagsWaitCompleted           0x080016dd   Thumb Code    32  rtx_evr.o(.text.EvrRtxThreadFlagsWaitCompleted)
    EvrRtxThreadFlagsWaitTimeout             0x080016fd   Thumb Code    16  rtx_evr.o(.text.EvrRtxThreadFlagsWaitTimeout)
    EvrRtxThreadJoined                       0x0800170d   Thumb Code    16  rtx_evr.o(.text.EvrRtxThreadJoined)
    EvrRtxThreadNew                          0x0800171d   Thumb Code    34  rtx_evr.o(.text.EvrRtxThreadNew)
    EvrRtxThreadPreempted                    0x08001741   Thumb Code    16  rtx_evr.o(.text.EvrRtxThreadPreempted)
    EvrRtxThreadSwitched                     0x08001751   Thumb Code    16  rtx_evr.o(.text.EvrRtxThreadSwitched)
    EvrRtxThreadUnblocked                    0x08001761   Thumb Code    16  rtx_evr.o(.text.EvrRtxThreadUnblocked)
    EvrRtxTimerCallback                      0x08001771   Thumb Code    16  rtx_evr.o(.text.EvrRtxTimerCallback)
    HAL_GPIO_Init                            0x08001781   Thumb Code   404  stm32f4xx_hal_gpio.o(.text.HAL_GPIO_Init)
    HAL_GPIO_WritePin                        0x08001915   Thumb Code    10  stm32f4xx_hal_gpio.o(.text.HAL_GPIO_WritePin)
    HAL_GetREVID                             0x08001921   Thumb Code    14  stm32f4xx_hal.o(.text.HAL_GetREVID)
    HAL_GetTick                              0x08001931   Thumb Code    76  main.o(.text.HAL_GetTick)
    HAL_I2C_Init                             0x0800197d   Thumb Code   368  stm32f4xx_hal_i2c.o(.text.HAL_I2C_Init)
    HAL_I2C_Master_Receive                   0x08001aed   Thumb Code  1412  stm32f4xx_hal_i2c.o(.text.HAL_I2C_Master_Receive)
    HAL_I2C_Master_Transmit                  0x08002071   Thumb Code   776  stm32f4xx_hal_i2c.o(.text.HAL_I2C_Master_Transmit)
    HAL_I2C_MspInit                          0x08002379   Thumb Code     2  stm32f4xx_hal_i2c.o(.text.HAL_I2C_MspInit)
    HAL_Init                                 0x0800237d   Thumb Code    46  stm32f4xx_hal.o(.text.HAL_Init)
    HAL_InitTick                             0x080023ad   Thumb Code     4  main.o(.text.HAL_InitTick)
    HAL_MspInit                              0x080023b1   Thumb Code     2  stm32f4xx_hal.o(.text.HAL_MspInit)
    HAL_NVIC_SetPriorityGrouping             0x080023b5   Thumb Code    32  stm32f4xx_hal_cortex.o(.text.HAL_NVIC_SetPriorityGrouping)
    HAL_RCC_ClockConfig                      0x080023d5   Thumb Code   352  stm32f4xx_hal_rcc.o(.text.HAL_RCC_ClockConfig)
    HAL_RCC_GetPCLK1Freq                     0x08002535   Thumb Code    38  stm32f4xx_hal_rcc.o(.text.HAL_RCC_GetPCLK1Freq)
    HAL_RCC_GetPCLK2Freq                     0x0800255d   Thumb Code    38  stm32f4xx_hal_rcc.o(.text.HAL_RCC_GetPCLK2Freq)
    HAL_RCC_GetSysClockFreq                  0x08002585   Thumb Code   106  stm32f4xx_hal_rcc.o(.text.HAL_RCC_GetSysClockFreq)
    HAL_RCC_OscConfig                        0x080025f1   Thumb Code   860  stm32f4xx_hal_rcc.o(.text.HAL_RCC_OscConfig)
    HAL_SPI_Init                             0x0800294d   Thumb Code   194  stm32f4xx_hal_spi.o(.text.HAL_SPI_Init)
    HAL_SPI_MspInit                          0x08002a11   Thumb Code     2  stm32f4xx_hal_spi.o(.text.HAL_SPI_MspInit)
    HAL_SPI_Transmit                         0x08002a15   Thumb Code   494  stm32f4xx_hal_spi.o(.text.HAL_SPI_Transmit)
    HAL_UART_Init                            0x08002c05   Thumb Code    94  stm32f4xx_hal_uart.o(.text.HAL_UART_Init)
    HAL_UART_MspInit                         0x08002c65   Thumb Code     2  stm32f4xx_hal_uart.o(.text.HAL_UART_MspInit)
    HAL_UART_Transmit                        0x08002c69   Thumb Code   380  stm32f4xx_hal_uart.o(.text.HAL_UART_Transmit)
    Init_UART2                               0x08002de5   Thumb Code   152  uart2.o(.text.Init_UART2)
    LED_Initialize                           0x08002e89   Thumb Code    70  LED_F4Discovery.o(.text.LED_Initialize)
    LED_Off                                  0x08002ed1   Thumb Code    42  LED_F4Discovery.o(.text.LED_Off)
    LED_On                                   0x08002efd   Thumb Code    40  LED_F4Discovery.o(.text.LED_On)
    OS_Tick_AcknowledgeIRQ                   0x08002f25   Thumb Code    12  os_systick.o(.text.OS_Tick_AcknowledgeIRQ)
    OS_Tick_Enable                           0x08002f31   Thumb Code    50  os_systick.o(.text.OS_Tick_Enable)
    OS_Tick_GetIRQn                          0x08002f65   Thumb Code     6  os_systick.o(.text.OS_Tick_GetIRQn)
    OS_Tick_Setup                            0x08002f6d   Thumb Code    72  os_systick.o(.text.OS_Tick_Setup)
    SystemCoreClockUpdate                    0x08003095   Thumb Code   134  system_stm32f4xx.o(.text.SystemCoreClockUpdate)
    SystemInit                               0x0800311d   Thumb Code    72  system_stm32f4xx.o(.text.SystemInit)
    Task1                                    0x08003165   Thumb Code    30  tasks.o(.text.Task1)
    Task2                                    0x08003185   Thumb Code    30  tasks.o(.text.Task2)
    Task3                                    0x080031a5   Thumb Code    30  tasks.o(.text.Task3)
    Task4                                    0x080031c5   Thumb Code    30  tasks.o(.text.Task4)
    Task5                                    0x080031e5   Thumb Code   156  tasks.o(.text.Task5)
    Task6                                    0x080032f1   Thumb Code   128  tasks.o(.text.Task6)
    Task7                                    0x080033c1   Thumb Code   112  tasks.o(.text.Task7)
    Task8                                    0x080034b1   Thumb Code   106  tasks.o(.text.Task8)
    UART_WriteString                         0x080035fd   Thumb Code    30  uart2.o(.text.UART_WriteString)
    app_main                                 0x0800361d   Thumb Code   240  tasks.o(.text.app_main)
    c7seg_default_cfg                        0x0800370d   Thumb Code    54  c7seg.o(.text.c7seg_default_cfg)
    c7seg_display_mode                       0x08003745   Thumb Code    24  c7seg.o(.text.c7seg_display_mode)
    c7seg_init                               0x0800375d   Thumb Code   238  c7seg.o(.text.c7seg_init)
    c7seg_write_data_character               0x0800384d   Thumb Code   104  c7seg.o(.text.c7seg_write_data_character)
    c7seg_write_data_number                  0x080038b5   Thumb Code    92  c7seg.o(.text.c7seg_write_data_number)
    main                                     0x08003945   Thumb Code   198  main.o(.text.main)
    oledb_default_cfg                        0x08003a0d   Thumb Code  1214  oledb.o(.text.oledb_default_cfg)
    oledb_init                               0x08003ecd   Thumb Code   384  oledb.o(.text.oledb_init)
    oledb_send_cmd                           0x0800404d   Thumb Code    78  oledb.o(.text.oledb_send_cmd)
    oledb_set_column                         0x0800409d   Thumb Code   190  oledb.o(.text.oledb_set_column)
    oledb_set_page                           0x0800415d   Thumb Code   190  oledb.o(.text.oledb_set_page)
    oledb_write_char                         0x0800421d   Thumb Code   148  oledb.o(.text.oledb_write_char)
    oledb_write_string                       0x080042b1   Thumb Code    50  oledb.o(.text.oledb_write_string)
    osDelay                                  0x080042e5   Thumb Code    54  rtx_delay.o(.text.osDelay)
    osKernelGetState                         0x0800431d   Thumb Code    50  rtx_kernel.o(.text.osKernelGetState)
    osKernelGetTickCount                     0x08004351   Thumb Code    50  rtx_kernel.o(.text.osKernelGetTickCount)
    osKernelInitialize                       0x08004385   Thumb Code    54  rtx_kernel.o(.text.osKernelInitialize)
    osKernelStart                            0x080043bd   Thumb Code    50  rtx_kernel.o(.text.osKernelStart)
    osMessageQueueGet                        0x080043f1   Thumb Code   212  rtx_msgqueue.o(.text.osMessageQueueGet)
    osMessageQueuePut                        0x080044c5   Thumb Code   166  rtx_msgqueue.o(.text.osMessageQueuePut)
    osRtxErrorNotify                         0x0800456d   Thumb Code     2  RTX_Config.o(.text.osRtxErrorNotify)
    osRtxIdleThread                          0x08004571   Thumb Code     2  RTX_Config.o(.text.osRtxIdleThread)
    osRtxKernelErrorNotify                   0x08004575   Thumb Code    22  rtx_kernel.o(.text.osRtxKernelErrorNotify)
    osRtxKernelPreInit                       0x0800458d   Thumb Code   244  rtx_lib.o(.text.osRtxKernelPreInit)
    osRtxMemoryAlloc                         0x08004681   Thumb Code   128  rtx_memory.o(.text.osRtxMemoryAlloc)
    osRtxMemoryFree                          0x08004701   Thumb Code    88  rtx_memory.o(.text.osRtxMemoryFree)
    osRtxMemoryInit                          0x08004759   Thumb Code    64  rtx_memory.o(.text.osRtxMemoryInit)
    osRtxMemoryPoolAlloc                     0x08004799   Thumb Code    68  rtx_mempool.o(.text.osRtxMemoryPoolAlloc)
    osRtxMemoryPoolFree                      0x080047dd   Thumb Code    86  rtx_mempool.o(.text.osRtxMemoryPoolFree)
    osRtxMemoryPoolInit                      0x08004835   Thumb Code    86  rtx_mempool.o(.text.osRtxMemoryPoolInit)
    osRtxMessageQueueTimerSetup              0x08004a49   Thumb Code    44  rtx_msgqueue.o(.text.osRtxMessageQueueTimerSetup)
    osRtxMutexOwnerRelease                   0x08004a75   Thumb Code   100  rtx_mutex.o(.text.osRtxMutexOwnerRelease)
    osRtxMutexOwnerRestore                   0x08004ad9   Thumb Code    80  rtx_mutex.o(.text.osRtxMutexOwnerRestore)
    osRtxPendSV_Handler                      0x08004b29   Thumb Code   136  rtx_system.o(.text.osRtxPendSV_Handler)
    osRtxPostProcess                         0x08004bd5   Thumb Code   118  rtx_system.o(.text.osRtxPostProcess)
    osRtxThreadDelayTick                     0x08004c4d   Thumb Code   356  rtx_thread.o(.text.osRtxThreadDelayTick)
    osRtxThreadDispatch                      0x08004db1   Thumb Code   216  rtx_thread.o(.text.osRtxThreadDispatch)
    osRtxThreadListGet                       0x08004eed   Thumb Code    20  rtx_thread.o(.text.osRtxThreadListGet)
    osRtxThreadListPut                       0x08004f01   Thumb Code    44  rtx_thread.o(.text.osRtxThreadListPut)
    osRtxThreadListRemove                    0x08004f2d   Thumb Code    26  rtx_thread.o(.text.osRtxThreadListRemove)
    osRtxThreadListSort                      0x08004f49   Thumb Code   106  rtx_thread.o(.text.osRtxThreadListSort)
    osRtxThreadReadyPut                      0x08005051   Thumb Code    60  rtx_thread.o(.text.osRtxThreadReadyPut)
    osRtxThreadRegPtr                        0x0800508d   Thumb Code    20  rtx_thread.o(.text.osRtxThreadRegPtr)
    osRtxThreadStackCheck                    0x080050a1   Thumb Code    32  rtx_thread.o(.text.osRtxThreadStackCheck)
    osRtxThreadStartup                       0x080050c1   Thumb Code    74  rtx_thread.o(.text.osRtxThreadStartup)
    osRtxThreadSwitch                        0x0800510d   Thumb Code    18  rtx_thread.o(.text.osRtxThreadSwitch)
    osRtxThreadWaitEnter                     0x08005121   Thumb Code   232  rtx_thread.o(.text.osRtxThreadWaitEnter)
    osRtxThreadWaitExit                      0x08005209   Thumb Code   164  rtx_thread.o(.text.osRtxThreadWaitExit)
    osRtxTick_Handler                        0x080052ad   Thumb Code   132  rtx_system.o(.text.osRtxTick_Handler)
    osRtxTimerSetup                          0x08005331   Thumb Code    38  rtx_timer.o(.text.osRtxTimerSetup)
    osRtxTimerThread                         0x08005359   Thumb Code    42  rtx_timer.o(.text.osRtxTimerThread)
    osThreadExit                             0x0800544d   Thumb Code    26  rtx_thread.o(.text.osThreadExit)
    osThreadNew                              0x08005469   Thumb Code    64  rtx_thread.o(.text.osThreadNew)
    proximity7_default_cfg                   0x080054a9   Thumb Code   288  proximity7.o(.text.proximity7_default_cfg)
    proximity7_generic_read                  0x080055cd   Thumb Code    72  proximity7.o(.text.proximity7_generic_read)
    proximity7_generic_write                 0x08005615   Thumb Code    96  proximity7.o(.text.proximity7_generic_write)
    proximity7_get_lux_level                 0x08005679   Thumb Code   360  proximity7.o(.text.proximity7_get_lux_level)
    proximity7_get_proximity_data            0x080057f9   Thumb Code    76  proximity7.o(.text.proximity7_get_proximity_data)
    proximity7_init                          0x08005845   Thumb Code   204  proximity7.o(.text.proximity7_init)
    proximity7_set_wait_time                 0x08005911   Thumb Code   288  proximity7.o(.text.proximity7_set_wait_time)
    temphum15_default_cfg                    0x080063f9   Thumb Code    56  temphum15.o(.text.temphum15_default_cfg)
    temphum15_get_temp_and_hum               0x08006431   Thumb Code   224  temphum15.o(.text.temphum15_get_temp_and_hum)
    temphum15_init                           0x08006535   Thumb Code   212  temphum15.o(.text.temphum15_init)
    __0sprintf                               0x08006609   Thumb Code    34  printfa.o(i.__0sprintf)
    __1sprintf                               0x08006609   Thumb Code     0  printfa.o(i.__0sprintf)
    __2sprintf                               0x08006609   Thumb Code     0  printfa.o(i.__0sprintf)
    __c89sprintf                             0x08006609   Thumb Code     0  printfa.o(i.__0sprintf)
    sprintf                                  0x08006609   Thumb Code     0  printfa.o(i.__0sprintf)
    __scatterload_copy                       0x08006631   Thumb Code    14  handlers.o(i.__scatterload_copy)
    __scatterload_null                       0x0800663f   Thumb Code     2  handlers.o(i.__scatterload_null)
    __scatterload_zeroinit                   0x08006641   Thumb Code    14  handlers.o(i.__scatterload_zeroinit)
    osRtxConfig                              0x08006f0c   Data         112  rtx_lib.o(.rodata)
    os_cb_sections                           0x08006f7c   Data          56  rtx_lib.o(.rodata)
    AHBPrescTable                            0x08006fb4   Data          16  system_stm32f4xx.o(.rodata.AHBPrescTable)
    APBPrescTable                            0x08006fc4   Data           8  system_stm32f4xx.o(.rodata.APBPrescTable)
    EventRecorderInfo                        0x08007000   Data          24  EventRecorder.o(.rodata.EventRecorderInfo)
    oledb_font_6x8                           0x08007038   Data         576  oledb_resources.o(.rodata.oledb_font_6x8)
    osRtxUserSVC                             0x08007278   Data           4  rtx_lib.o(.rodata.osRtxUserSVC)
    Region$$Table$$Base                      0x08007318   Number         0  anon$$obj.o(Region$$Table)
    Region$$Table$$Limit                     0x08007338   Number         0  anon$$obj.o(Region$$Table)
    SystemCoreClock                          0x20000000   Data           4  system_stm32f4xx.o(.data.SystemCoreClock)
    osRtxInfo                                0x20000004   Data         164  rtx_kernel.o(.data.os)
    uwTickPrio                               0x200000d8   Data           4  stm32f4xx_hal.o(.data.uwTickPrio)
    BufferUART_Task6                         0x200000e0   Data         128  tasks.o(.bss.BufferUART_Task6)
    BufferUART_Task7                         0x20000160   Data         128  tasks.o(.bss.BufferUART_Task7)
    g_const_data                             0x200001e4   Data          20  proximity7.o(.bss.g_const_data)
    hi2c1                                    0x200001f8   Data          84  proximity7.o(.bss.hi2c1)
    hi2c3                                    0x2000024c   Data          84  temphum15.o(.bss.hi2c3)
    hspi2                                    0x200002a0   Data          88  oledb.o(.bss.hspi2)
    hspi3                                    0x200002f8   Data          88  c7seg.o(.bss.hspi3)
    huart2                                   0x20000350   Data          68  uart2.o(.bss.huart2)
    .bss.os.evflags.cb$$Base                 0x200083dc   Number         0  rtx_lib.o(.bss.os.evflags.cb)
    .bss.os.evflags.cb$$Limit                0x200083ec   Number         0  rtx_lib.o(.bss.os.evflags.cb)
    .bss.os.msgqueue.cb$$Base                0x200083ec   Number         0  rtx_lib.o(.bss.os.msgqueue.cb)
    .bss.os.msgqueue.cb$$Limit               0x20008420   Number         0  rtx_lib.o(.bss.os.msgqueue.cb)
    .bss.os.mutex.cb$$Base                   0x20008470   Number         0  rtx_lib.o(.bss.os.mutex.cb)
    .bss.os.mutex.cb$$Limit                  0x2000848c   Number         0  rtx_lib.o(.bss.os.mutex.cb)
    .bss.os.thread.cb$$Base                  0x2000848c   Number         0  rtx_lib.o(.bss.os.thread.cb)
    .bss.os.thread.cb$$Limit                 0x20008514   Number         0  rtx_lib.o(.bss.os.thread.cb)
    tx_buf                                   0x20008938   Data         256  proximity7.o(.bss.tx_buf)
    __initial_sp                             0x20008e38   Data           0  startup_stm32f407xx.o(STACK)



==============================================================================

Memory Map of the image

  Image Entry point : 0x08000189

  Load Region LR_IROM1 (Base: 0x08000000, Size: 0x00007418, Max: 0x00100000, ABSOLUTE)

    Execution Region ER_IROM1 (Exec base: 0x08000000, Load base: 0x08000000, Size: 0x00007338, Max: 0x00100000, ABSOLUTE)

    Exec Addr    Load Addr    Size         Type   Attr      Idx    E Section Name        Object

    0x08000000   0x08000000   0x00000188   Data   RO         1871    RESET               startup_stm32f407xx.o
    0x08000188   0x08000188   0x00000000   Code   RO         1893  * .ARM.Collect$$$$00000000  mc_w.l(entry.o)
    0x08000188   0x08000188   0x00000004   Code   RO         2185    .ARM.Collect$$$$00000001  mc_w.l(entry2.o)
    0x0800018c   0x0800018c   0x00000004   Code   RO         2188    .ARM.Collect$$$$00000004  mc_w.l(entry5.o)
    0x08000190   0x08000190   0x00000000   Code   RO         2190    .ARM.Collect$$$$00000008  mc_w.l(entry7b.o)
    0x08000190   0x08000190   0x00000000   Code   RO         2192    .ARM.Collect$$$$0000000A  mc_w.l(entry8b.o)
    0x08000190   0x08000190   0x00000008   Code   RO         2193    .ARM.Collect$$$$0000000B  mc_w.l(entry9a.o)
    0x08000198   0x08000198   0x00000000   Code   RO         2195    .ARM.Collect$$$$0000000D  mc_w.l(entry10a.o)
    0x08000198   0x08000198   0x00000000   Code   RO         2197    .ARM.Collect$$$$0000000F  mc_w.l(entry11a.o)
    0x08000198   0x08000198   0x00000004   Code   RO         2186    .ARM.Collect$$$$00002712  mc_w.l(entry2.o)
    0x0800019c   0x0800019c   0x00000104   Code   RO          215    .text               irq_armv7m.o
    0x080002a0   0x080002a0   0x00000024   Code   RO         1872    .text               startup_stm32f407xx.o
    0x080002c4   0x080002c4   0x00000062   Code   RO         1896    .text               mc_w.l(uldiv.o)
    0x08000326   0x08000326   0x00000024   Code   RO         1898    .text               mc_w.l(memcpya.o)
    0x0800034a   0x0800034a   0x00000024   Code   RO         1900    .text               mc_w.l(memseta.o)
    0x0800036e   0x0800036e   0x0000000e   Code   RO         1902    .text               mc_w.l(strlen.o)
    0x0800037c   0x0800037c   0x0000014e   Code   RO         2167    .text               mf_w.l(dadd.o)
    0x080004ca   0x080004ca   0x000000e4   Code   RO         2169    .text               mf_w.l(dmul.o)
    0x080005ae   0x080005ae   0x000000de   Code   RO         2171    .text               mf_w.l(ddiv.o)
    0x0800068c   0x0800068c   0x00000036   Code   RO         2173    .text               mf_w.l(dcmplt.o)
    0x080006c2   0x080006c2   0x00000036   Code   RO         2175    .text               mf_w.l(dcmpgt.o)
    0x080006f8   0x080006f8   0x0000001a   Code   RO         2177    .text               mf_w.l(dfltui.o)
    0x08000712   0x08000712   0x0000003e   Code   RO         2179    .text               mf_w.l(dfixi.o)
    0x08000750   0x08000750   0x00000026   Code   RO         2181    .text               mf_w.l(f2d.o)
    0x08000776   0x08000776   0x00000038   Code   RO         2183    .text               mf_w.l(d2f.o)
    0x080007ae   0x080007ae   0x0000002c   Code   RO         2213    .text               mc_w.l(uidiv.o)
    0x080007da   0x080007da   0x0000001e   Code   RO         2215    .text               mc_w.l(llshl.o)
    0x080007f8   0x080007f8   0x00000020   Code   RO         2217    .text               mc_w.l(llushr.o)
    0x08000818   0x08000818   0x00000024   Code   RO         2219    .text               mc_w.l(llsshr.o)
    0x0800083c   0x0800083c   0x00000000   Code   RO         2221    .text               mc_w.l(iusefp.o)
    0x0800083c   0x0800083c   0x0000006e   Code   RO         2222    .text               mf_w.l(fepilogue.o)
    0x080008aa   0x080008aa   0x000000ba   Code   RO         2224    .text               mf_w.l(depilogue.o)
    0x08000964   0x08000964   0x00000030   Code   RO         2226    .text               mf_w.l(dfixul.o)
    0x08000994   0x08000994   0x00000030   Code   RO         2228    .text               mf_w.l(cdrcmple.o)
    0x080009c4   0x080009c4   0x00000030   Code   RO         2230    .text               mc_w.l(init.o)
    0x080009f4   0x080009f4   0x0000003c   Code   RO         1120    .text.Buttons_Initialize  Buttons_F4Discovery.o
    0x08000a30   0x08000a30   0x00000194   Code   RO         1177    .text.EventRecord2  EventRecorder.o
    0x08000bc4   0x08000bc4   0x000002a8   Code   RO         1179    .text.EventRecord4  EventRecorder.o
    0x08000e6c   0x08000e6c   0x0000007a   Code   RO         1169    .text.EventRecorderDisable  EventRecorder.o
    0x08000ee6   0x08000ee6   0x00000002   PAD
    0x08000ee8   0x08000ee8   0x00000078   Code   RO         1165    .text.EventRecorderEnable  EventRecorder.o
    0x08000f60   0x08000f60   0x000002d4   Code   RO         1163    .text.EventRecorderInitialize  EventRecorder.o
    0x08001234   0x08001234   0x00000148   Code   RO         1167    .text.EventRecorderStart  EventRecorder.o
    0x0800137c   0x0800137c   0x0000000c   Code   RO         1161    .text.EventRecorderTimerGetCount  EventRecorder.o
    0x08001388   0x08001388   0x0000000c   Code   RO         1159    .text.EventRecorderTimerGetFreq  EventRecorder.o
    0x08001394   0x08001394   0x00000024   Code   RO         1157    .text.EventRecorderTimerSetup  EventRecorder.o
    0x080013b8   0x080013b8   0x00000010   Code   RO          417    .text.EvrRtxDelay   rtx_evr.o
    0x080013c8   0x080013c8   0x00000010   Code   RO          425    .text.EvrRtxDelayCompleted  rtx_evr.o
    0x080013d8   0x080013d8   0x0000000c   Code   RO          415    .text.EvrRtxDelayError  rtx_evr.o
    0x080013e4   0x080013e4   0x00000010   Code   RO          421    .text.EvrRtxDelayStarted  rtx_evr.o
    0x080013f4   0x080013f4   0x00000010   Code   RO          473    .text.EvrRtxEventFlagsWaitTimeout  rtx_evr.o
    0x08001404   0x08001404   0x0000000c   Code   RO          289    .text.EvrRtxKernelError  rtx_evr.o
    0x08001410   0x08001410   0x0000000c   Code   RO          331    .text.EvrRtxKernelErrorNotify  rtx_evr.o
    0x0800141c   0x0800141c   0x00000010   Code   RO          323    .text.EvrRtxKernelGetTickCount  rtx_evr.o
    0x0800142c   0x0800142c   0x00000010   Code   RO          291    .text.EvrRtxKernelInitialize  rtx_evr.o
    0x0800143c   0x0800143c   0x00000010   Code   RO          293    .text.EvrRtxKernelInitialized  rtx_evr.o
    0x0800144c   0x0800144c   0x00000010   Code   RO          299    .text.EvrRtxKernelStart  rtx_evr.o
    0x0800145c   0x0800145c   0x00000010   Code   RO          301    .text.EvrRtxKernelStarted  rtx_evr.o
    0x0800146c   0x0800146c   0x00000020   Code   RO          279    .text.EvrRtxMemoryAlloc  rtx_evr.o
    0x0800148c   0x0800148c   0x00000010   Code   RO          285    .text.EvrRtxMemoryBlockAlloc  rtx_evr.o
    0x0800149c   0x0800149c   0x00000022   Code   RO          287    .text.EvrRtxMemoryBlockFree  rtx_evr.o
    0x080014be   0x080014be   0x00000002   PAD
    0x080014c0   0x080014c0   0x00000020   Code   RO          283    .text.EvrRtxMemoryBlockInit  rtx_evr.o
    0x080014e0   0x080014e0   0x00000022   Code   RO          281    .text.EvrRtxMemoryFree  rtx_evr.o
    0x08001502   0x08001502   0x00000002   PAD
    0x08001504   0x08001504   0x0000001e   Code   RO          277    .text.EvrRtxMemoryInit  rtx_evr.o
    0x08001522   0x08001522   0x00000002   PAD
    0x08001524   0x08001524   0x00000010   Code   RO          551    .text.EvrRtxMemoryPoolAllocTimeout  rtx_evr.o
    0x08001534   0x08001534   0x00000010   Code   RO          579    .text.EvrRtxMessageQueueCreated  rtx_evr.o
    0x08001544   0x08001544   0x0000000c   Code   RO          575    .text.EvrRtxMessageQueueError  rtx_evr.o
    0x08001550   0x08001550   0x00000020   Code   RO          595    .text.EvrRtxMessageQueueGet  rtx_evr.o
    0x08001570   0x08001570   0x00000022   Code   RO          597    .text.EvrRtxMessageQueueGetPending  rtx_evr.o
    0x08001592   0x08001592   0x00000002   PAD
    0x08001594   0x08001594   0x00000010   Code   RO          599    .text.EvrRtxMessageQueueGetTimeout  rtx_evr.o
    0x080015a4   0x080015a4   0x00000010   Code   RO          589    .text.EvrRtxMessageQueueInsertPending  rtx_evr.o
    0x080015b4   0x080015b4   0x00000010   Code   RO          591    .text.EvrRtxMessageQueueInserted  rtx_evr.o
    0x080015c4   0x080015c4   0x00000010   Code   RO          593    .text.EvrRtxMessageQueueNotInserted  rtx_evr.o
    0x080015d4   0x080015d4   0x00000010   Code   RO          603    .text.EvrRtxMessageQueueNotRetrieved  rtx_evr.o
    0x080015e4   0x080015e4   0x00000020   Code   RO          583    .text.EvrRtxMessageQueuePut  rtx_evr.o
    0x08001604   0x08001604   0x00000022   Code   RO          585    .text.EvrRtxMessageQueuePutPending  rtx_evr.o
    0x08001626   0x08001626   0x00000002   PAD
    0x08001628   0x08001628   0x00000010   Code   RO          587    .text.EvrRtxMessageQueuePutTimeout  rtx_evr.o
    0x08001638   0x08001638   0x00000010   Code   RO          601    .text.EvrRtxMessageQueueRetrieved  rtx_evr.o
    0x08001648   0x08001648   0x00000010   Code   RO          495    .text.EvrRtxMutexAcquireTimeout  rtx_evr.o
    0x08001658   0x08001658   0x00000010   Code   RO          497    .text.EvrRtxMutexAcquired  rtx_evr.o
    0x08001668   0x08001668   0x00000010   Code   RO          503    .text.EvrRtxMutexReleased  rtx_evr.o
    0x08001678   0x08001678   0x00000010   Code   RO          523    .text.EvrRtxSemaphoreAcquireTimeout  rtx_evr.o
    0x08001688   0x08001688   0x00000010   Code   RO          375    .text.EvrRtxThreadBlocked  rtx_evr.o
    0x08001698   0x08001698   0x00000018   Code   RO          337    .text.EvrRtxThreadCreated  rtx_evr.o
    0x080016b0   0x080016b0   0x00000010   Code   RO          387    .text.EvrRtxThreadDestroyed  rtx_evr.o
    0x080016c0   0x080016c0   0x0000000c   Code   RO          333    .text.EvrRtxThreadError  rtx_evr.o
    0x080016cc   0x080016cc   0x00000010   Code   RO          383    .text.EvrRtxThreadExit  rtx_evr.o
    0x080016dc   0x080016dc   0x00000020   Code   RO          411    .text.EvrRtxThreadFlagsWaitCompleted  rtx_evr.o
    0x080016fc   0x080016fc   0x00000010   Code   RO          409    .text.EvrRtxThreadFlagsWaitTimeout  rtx_evr.o
    0x0800170c   0x0800170c   0x00000010   Code   RO          373    .text.EvrRtxThreadJoined  rtx_evr.o
    0x0800171c   0x0800171c   0x00000022   Code   RO          335    .text.EvrRtxThreadNew  rtx_evr.o
    0x0800173e   0x0800173e   0x00000002   PAD
    0x08001740   0x08001740   0x00000010   Code   RO          379    .text.EvrRtxThreadPreempted  rtx_evr.o
    0x08001750   0x08001750   0x00000010   Code   RO          381    .text.EvrRtxThreadSwitched  rtx_evr.o
    0x08001760   0x08001760   0x00000010   Code   RO          377    .text.EvrRtxThreadUnblocked  rtx_evr.o
    0x08001770   0x08001770   0x00000010   Code   RO          429    .text.EvrRtxTimerCallback  rtx_evr.o
    0x08001780   0x08001780   0x00000194   Code   RO         1350    .text.HAL_GPIO_Init  stm32f4xx_hal_gpio.o
    0x08001914   0x08001914   0x0000000a   Code   RO         1356    .text.HAL_GPIO_WritePin  stm32f4xx_hal_gpio.o
    0x0800191e   0x0800191e   0x00000002   PAD
    0x08001920   0x08001920   0x0000000e   Code   RO         1220    .text.HAL_GetREVID  stm32f4xx_hal.o
    0x0800192e   0x0800192e   0x00000002   PAD
    0x08001930   0x08001930   0x0000004c   Code   RO            2    .text.HAL_GetTick   main.o
    0x0800197c   0x0800197c   0x00000170   Code   RO         1374    .text.HAL_I2C_Init  stm32f4xx_hal_i2c.o
    0x08001aec   0x08001aec   0x00000584   Code   RO         1388    .text.HAL_I2C_Master_Receive  stm32f4xx_hal_i2c.o
    0x08002070   0x08002070   0x00000308   Code   RO         1382    .text.HAL_I2C_Master_Transmit  stm32f4xx_hal_i2c.o
    0x08002378   0x08002378   0x00000002   Code   RO         1376    .text.HAL_I2C_MspInit  stm32f4xx_hal_i2c.o
    0x0800237a   0x0800237a   0x00000002   PAD
    0x0800237c   0x0800237c   0x0000002e   Code   RO         1192    .text.HAL_Init      stm32f4xx_hal.o
    0x080023aa   0x080023aa   0x00000002   PAD
    0x080023ac   0x080023ac   0x00000004   Code   RO            4    .text.HAL_InitTick  main.o
    0x080023b0   0x080023b0   0x00000002   Code   RO         1196    .text.HAL_MspInit   stm32f4xx_hal.o
    0x080023b2   0x080023b2   0x00000002   PAD
    0x080023b4   0x080023b4   0x00000020   Code   RO         1257    .text.HAL_NVIC_SetPriorityGrouping  stm32f4xx_hal_cortex.o
    0x080023d4   0x080023d4   0x00000160   Code   RO         1574    .text.HAL_RCC_ClockConfig  stm32f4xx_hal_rcc.o
    0x08002534   0x08002534   0x00000026   Code   RO         1586    .text.HAL_RCC_GetPCLK1Freq  stm32f4xx_hal_rcc.o
    0x0800255a   0x0800255a   0x00000002   PAD
    0x0800255c   0x0800255c   0x00000026   Code   RO         1588    .text.HAL_RCC_GetPCLK2Freq  stm32f4xx_hal_rcc.o
    0x08002582   0x08002582   0x00000002   PAD
    0x08002584   0x08002584   0x0000006a   Code   RO         1576    .text.HAL_RCC_GetSysClockFreq  stm32f4xx_hal_rcc.o
    0x080025ee   0x080025ee   0x00000002   PAD
    0x080025f0   0x080025f0   0x0000035c   Code   RO         1572    .text.HAL_RCC_OscConfig  stm32f4xx_hal_rcc.o
    0x0800294c   0x0800294c   0x000000c2   Code   RO         1626    .text.HAL_SPI_Init  stm32f4xx_hal_spi.o
    0x08002a0e   0x08002a0e   0x00000002   PAD
    0x08002a10   0x08002a10   0x00000002   Code   RO         1628    .text.HAL_SPI_MspInit  stm32f4xx_hal_spi.o
    0x08002a12   0x08002a12   0x00000002   PAD
    0x08002a14   0x08002a14   0x000001ee   Code   RO         1634    .text.HAL_SPI_Transmit  stm32f4xx_hal_spi.o
    0x08002c02   0x08002c02   0x00000002   PAD
    0x08002c04   0x08002c04   0x0000005e   Code   RO         1750    .text.HAL_UART_Init  stm32f4xx_hal_uart.o
    0x08002c62   0x08002c62   0x00000002   PAD
    0x08002c64   0x08002c64   0x00000002   Code   RO         1752    .text.HAL_UART_MspInit  stm32f4xx_hal_uart.o
    0x08002c66   0x08002c66   0x00000002   PAD
    0x08002c68   0x08002c68   0x0000017c   Code   RO         1766    .text.HAL_UART_Transmit  stm32f4xx_hal_uart.o
    0x08002de4   0x08002de4   0x000000a4   Code   RO           18    .text.Init_UART2    uart2.o
    0x08002e88   0x08002e88   0x00000046   Code   RO         1136    .text.LED_Initialize  LED_F4Discovery.o
    0x08002ece   0x08002ece   0x00000002   PAD
    0x08002ed0   0x08002ed0   0x0000002a   Code   RO         1142    .text.LED_Off       LED_F4Discovery.o
    0x08002efa   0x08002efa   0x00000002   PAD
    0x08002efc   0x08002efc   0x00000028   Code   RO         1140    .text.LED_On        LED_F4Discovery.o
    0x08002f24   0x08002f24   0x0000000c   Code   RO         1088    .text.OS_Tick_AcknowledgeIRQ  os_systick.o
    0x08002f30   0x08002f30   0x00000032   Code   RO         1084    .text.OS_Tick_Enable  os_systick.o
    0x08002f62   0x08002f62   0x00000002   PAD
    0x08002f64   0x08002f64   0x00000006   Code   RO         1090    .text.OS_Tick_GetIRQn  os_systick.o
    0x08002f6a   0x08002f6a   0x00000002   PAD
    0x08002f6c   0x08002f6c   0x00000048   Code   RO         1082    .text.OS_Tick_Setup  os_systick.o
    0x08002fb4   0x08002fb4   0x000000e0   Code   RO         1640    .text.SPI_WaitFlagStateUntilTimeout  stm32f4xx_hal_spi.o
    0x08003094   0x08003094   0x00000086   Code   RO         1881    .text.SystemCoreClockUpdate  system_stm32f4xx.o
    0x0800311a   0x0800311a   0x00000002   PAD
    0x0800311c   0x0800311c   0x00000048   Code   RO         1879    .text.SystemInit    system_stm32f4xx.o
    0x08003164   0x08003164   0x0000001e   Code   RO           31    .text.Task1         tasks.o
    0x08003182   0x08003182   0x00000002   PAD
    0x08003184   0x08003184   0x0000001e   Code   RO           33    .text.Task2         tasks.o
    0x080031a2   0x080031a2   0x00000002   PAD
    0x080031a4   0x080031a4   0x0000001e   Code   RO           35    .text.Task3         tasks.o
    0x080031c2   0x080031c2   0x00000002   PAD
    0x080031c4   0x080031c4   0x0000001e   Code   RO           37    .text.Task4         tasks.o
    0x080031e2   0x080031e2   0x00000002   PAD
    0x080031e4   0x080031e4   0x0000010c   Code   RO           39    .text.Task5         tasks.o
    0x080032f0   0x080032f0   0x000000d0   Code   RO           41    .text.Task6         tasks.o
    0x080033c0   0x080033c0   0x000000f0   Code   RO           43    .text.Task7         tasks.o
    0x080034b0   0x080034b0   0x0000006a   Code   RO           45    .text.Task8         tasks.o
    0x0800351a   0x0800351a   0x00000002   PAD
    0x0800351c   0x0800351c   0x000000de   Code   RO         1754    .text.UART_SetConfig  stm32f4xx_hal_uart.o
    0x080035fa   0x080035fa   0x00000002   PAD
    0x080035fc   0x080035fc   0x0000001e   Code   RO           20    .text.UART_WriteString  uart2.o
    0x0800361a   0x0800361a   0x00000002   PAD
    0x0800361c   0x0800361c   0x000000f0   Code   RO           47    .text.app_main      tasks.o
    0x0800370c   0x0800370c   0x00000036   Code   RO          194    .text.c7seg_default_cfg  c7seg.o
    0x08003742   0x08003742   0x00000002   PAD
    0x08003744   0x08003744   0x00000018   Code   RO          200    .text.c7seg_display_mode  c7seg.o
    0x0800375c   0x0800375c   0x000000ee   Code   RO          192    .text.c7seg_init    c7seg.o
    0x0800384a   0x0800384a   0x00000002   PAD
    0x0800384c   0x0800384c   0x00000068   Code   RO          204    .text.c7seg_write_data_character  c7seg.o
    0x080038b4   0x080038b4   0x0000005c   Code   RO          202    .text.c7seg_write_data_number  c7seg.o
    0x08003910   0x08003910   0x00000006   Code   RO          177    .text.delay_high_repeatability  temphum15.o
    0x08003916   0x08003916   0x00000002   PAD
    0x08003918   0x08003918   0x00000018   Code   RO          181    .text.delay_low_repeatability  temphum15.o
    0x08003930   0x08003930   0x00000012   Code   RO          179    .text.delay_med_repeatability  temphum15.o
    0x08003942   0x08003942   0x00000002   PAD
    0x08003944   0x08003944   0x000000c6   Code   RO            6    .text.main          main.o
    0x08003a0a   0x08003a0a   0x00000002   PAD
    0x08003a0c   0x08003a0c   0x000004be   Code   RO           74    .text.oledb_default_cfg  oledb.o
    0x08003eca   0x08003eca   0x00000002   PAD
    0x08003ecc   0x08003ecc   0x00000180   Code   RO           68    .text.oledb_init    oledb.o
    0x0800404c   0x0800404c   0x0000004e   Code   RO           70    .text.oledb_send_cmd  oledb.o
    0x0800409a   0x0800409a   0x00000002   PAD
    0x0800409c   0x0800409c   0x000000be   Code   RO           78    .text.oledb_set_column  oledb.o
    0x0800415a   0x0800415a   0x00000002   PAD
    0x0800415c   0x0800415c   0x000000be   Code   RO           76    .text.oledb_set_page  oledb.o
    0x0800421a   0x0800421a   0x00000002   PAD
    0x0800421c   0x0800421c   0x00000094   Code   RO           84    .text.oledb_write_char  oledb.o
    0x080042b0   0x080042b0   0x00000032   Code   RO           86    .text.oledb_write_string  oledb.o
    0x080042e2   0x080042e2   0x00000002   PAD
    0x080042e4   0x080042e4   0x00000036   Code   RO          223    .text.osDelay       rtx_delay.o
    0x0800431a   0x0800431a   0x00000002   PAD
    0x0800431c   0x0800431c   0x00000032   Code   RO          639    .text.osKernelGetState  rtx_kernel.o
    0x0800434e   0x0800434e   0x00000002   PAD
    0x08004350   0x08004350   0x00000032   Code   RO          655    .text.osKernelGetTickCount  rtx_kernel.o
    0x08004382   0x08004382   0x00000002   PAD
    0x08004384   0x08004384   0x00000036   Code   RO          633    .text.osKernelInitialize  rtx_kernel.o
    0x080043ba   0x080043ba   0x00000002   PAD
    0x080043bc   0x080043bc   0x00000032   Code   RO          643    .text.osKernelStart  rtx_kernel.o
    0x080043ee   0x080043ee   0x00000002   PAD
    0x080043f0   0x080043f0   0x000000d4   Code   RO          796    .text.osMessageQueueGet  rtx_msgqueue.o
    0x080044c4   0x080044c4   0x000000a6   Code   RO          794    .text.osMessageQueuePut  rtx_msgqueue.o
    0x0800456a   0x0800456a   0x00000002   PAD
    0x0800456c   0x0800456c   0x00000002   Code   RO         1111    .text.osRtxErrorNotify  RTX_Config.o
    0x0800456e   0x0800456e   0x00000002   PAD
    0x08004570   0x08004570   0x00000002   Code   RO         1109    .text.osRtxIdleThread  RTX_Config.o
    0x08004572   0x08004572   0x00000002   PAD
    0x08004574   0x08004574   0x00000016   Code   RO          631    .text.osRtxKernelErrorNotify  rtx_kernel.o
    0x0800458a   0x0800458a   0x00000002   PAD
    0x0800458c   0x0800458c   0x000000f4   Code   RO          695    .text.osRtxKernelPreInit  rtx_lib.o
    0x08004680   0x08004680   0x00000080   Code   RO          722    .text.osRtxMemoryAlloc  rtx_memory.o
    0x08004700   0x08004700   0x00000058   Code   RO          724    .text.osRtxMemoryFree  rtx_memory.o
    0x08004758   0x08004758   0x00000040   Code   RO          720    .text.osRtxMemoryInit  rtx_memory.o
    0x08004798   0x08004798   0x00000044   Code   RO          736    .text.osRtxMemoryPoolAlloc  rtx_mempool.o
    0x080047dc   0x080047dc   0x00000056   Code   RO          738    .text.osRtxMemoryPoolFree  rtx_mempool.o
    0x08004832   0x08004832   0x00000002   PAD
    0x08004834   0x08004834   0x00000056   Code   RO          734    .text.osRtxMemoryPoolInit  rtx_mempool.o
    0x0800488a   0x0800488a   0x00000002   PAD
    0x0800488c   0x0800488c   0x000001bc   Code   RO          818    .text.osRtxMessageQueuePostProcess  rtx_msgqueue.o
    0x08004a48   0x08004a48   0x0000002c   Code   RO          786    .text.osRtxMessageQueueTimerSetup  rtx_msgqueue.o
    0x08004a74   0x08004a74   0x00000064   Code   RO          838    .text.osRtxMutexOwnerRelease  rtx_mutex.o
    0x08004ad8   0x08004ad8   0x00000050   Code   RO          840    .text.osRtxMutexOwnerRestore  rtx_mutex.o
    0x08004b28   0x08004b28   0x000000ac   Code   RO          910    .text.osRtxPendSV_Handler  rtx_system.o
    0x08004bd4   0x08004bd4   0x00000076   Code   RO          912    .text.osRtxPostProcess  rtx_system.o
    0x08004c4a   0x08004c4a   0x00000002   PAD
    0x08004c4c   0x08004c4c   0x00000164   Code   RO          932    .text.osRtxThreadDelayTick  rtx_thread.o
    0x08004db0   0x08004db0   0x000000d8   Code   RO          938    .text.osRtxThreadDispatch  rtx_thread.o
    0x08004e88   0x08004e88   0x00000062   Code   RO         1016    .text.osRtxThreadFree  rtx_thread.o
    0x08004eea   0x08004eea   0x00000002   PAD
    0x08004eec   0x08004eec   0x00000014   Code   RO          924    .text.osRtxThreadListGet  rtx_thread.o
    0x08004f00   0x08004f00   0x0000002c   Code   RO          922    .text.osRtxThreadListPut  rtx_thread.o
    0x08004f2c   0x08004f2c   0x0000001a   Code   RO          928    .text.osRtxThreadListRemove  rtx_thread.o
    0x08004f46   0x08004f46   0x00000002   PAD
    0x08004f48   0x08004f48   0x0000006a   Code   RO          926    .text.osRtxThreadListSort  rtx_thread.o
    0x08004fb2   0x08004fb2   0x00000002   PAD
    0x08004fb4   0x08004fb4   0x0000009c   Code   RO          994    .text.osRtxThreadPostProcess  rtx_thread.o
    0x08005050   0x08005050   0x0000003c   Code   RO          930    .text.osRtxThreadReadyPut  rtx_thread.o
    0x0800508c   0x0800508c   0x00000014   Code   RO          934    .text.osRtxThreadRegPtr  rtx_thread.o
    0x080050a0   0x080050a0   0x00000020   Code   RO          944    .text.osRtxThreadStackCheck  rtx_thread.o
    0x080050c0   0x080050c0   0x0000004a   Code   RO          946    .text.osRtxThreadStartup  rtx_thread.o
    0x0800510a   0x0800510a   0x00000002   PAD
    0x0800510c   0x0800510c   0x00000012   Code   RO          936    .text.osRtxThreadSwitch  rtx_thread.o
    0x0800511e   0x0800511e   0x00000002   PAD
    0x08005120   0x08005120   0x000000e8   Code   RO          942    .text.osRtxThreadWaitEnter  rtx_thread.o
    0x08005208   0x08005208   0x000000a4   Code   RO          940    .text.osRtxThreadWaitExit  rtx_thread.o
    0x080052ac   0x080052ac   0x00000084   Code   RO          908    .text.osRtxTick_Handler  rtx_system.o
    0x08005330   0x08005330   0x00000026   Code   RO         1044    .text.osRtxTimerSetup  rtx_timer.o
    0x08005356   0x08005356   0x00000002   PAD
    0x08005358   0x08005358   0x0000002a   Code   RO         1048    .text.osRtxTimerThread  rtx_timer.o
    0x08005382   0x08005382   0x00000002   PAD
    0x08005384   0x08005384   0x000000c6   Code   RO         1046    .text.osRtxTimerTick  rtx_timer.o
    0x0800544a   0x0800544a   0x00000002   PAD
    0x0800544c   0x0800544c   0x0000001a   Code   RO          978    .text.osThreadExit  rtx_thread.o
    0x08005466   0x08005466   0x00000002   PAD
    0x08005468   0x08005468   0x00000040   Code   RO          950    .text.osThreadNew   rtx_thread.o
    0x080054a8   0x080054a8   0x00000124   Code   RO          119    .text.proximity7_default_cfg  proximity7.o
    0x080055cc   0x080055cc   0x00000048   Code   RO          131    .text.proximity7_generic_read  proximity7.o
    0x08005614   0x08005614   0x00000060   Code   RO          121    .text.proximity7_generic_write  proximity7.o
    0x08005674   0x08005674   0x00000004   PAD
    0x08005678   0x08005678   0x00000180   Code   RO          151    .text.proximity7_get_lux_level  proximity7.o
    0x080057f8   0x080057f8   0x0000004c   Code   RO          147    .text.proximity7_get_proximity_data  proximity7.o
    0x08005844   0x08005844   0x000000cc   Code   RO          117    .text.proximity7_init  proximity7.o
    0x08005910   0x08005910   0x00000150   Code   RO          127    .text.proximity7_set_wait_time  proximity7.o
    0x08005a60   0x08005a60   0x00000034   Code   RO          227    .text.svcRtxDelay   rtx_delay.o
    0x08005a94   0x08005a94   0x0000000c   Code   RO          641    .text.svcRtxKernelGetState  rtx_kernel.o
    0x08005aa0   0x08005aa0   0x00000014   Code   RO          657    .text.svcRtxKernelGetTickCount  rtx_kernel.o
    0x08005ab4   0x08005ab4   0x00000152   Code   RO          671    .text.svcRtxKernelInitialize  rtx_kernel.o
    0x08005c06   0x08005c06   0x00000002   PAD
    0x08005c08   0x08005c08   0x000000b2   Code   RO          673    .text.svcRtxKernelStart  rtx_kernel.o
    0x08005cba   0x08005cba   0x00000002   PAD
    0x08005cbc   0x08005cbc   0x000001c0   Code   RO          824    .text.svcRtxMessageQueueGet  rtx_msgqueue.o
    0x08005e7c   0x08005e7c   0x00000160   Code   RO          788    .text.svcRtxMessageQueueNew  rtx_msgqueue.o
    0x08005fdc   0x08005fdc   0x00000146   Code   RO          822    .text.svcRtxMessageQueuePut  rtx_msgqueue.o
    0x08006122   0x08006122   0x00000002   PAD
    0x08006124   0x08006124   0x000000b2   Code   RO         1020    .text.svcRtxThreadExit  rtx_thread.o
    0x080061d6   0x080061d6   0x00000002   PAD
    0x080061d8   0x080061d8   0x00000220   Code   RO          948    .text.svcRtxThreadNew  rtx_thread.o
    0x080063f8   0x080063f8   0x00000038   Code   RO          169    .text.temphum15_default_cfg  temphum15.o
    0x08006430   0x08006430   0x00000104   Code   RO          171    .text.temphum15_get_temp_and_hum  temphum15.o
    0x08006534   0x08006534   0x000000d4   Code   RO          167    .text.temphum15_init  temphum15.o
    0x08006608   0x08006608   0x00000028   Code   RO         2141    i.__0sprintf        mc_w.l(printfa.o)
    0x08006630   0x08006630   0x0000000e   Code   RO         2236    i.__scatterload_copy  mc_w.l(handlers.o)
    0x0800663e   0x0800663e   0x00000002   Code   RO         2237    i.__scatterload_null  mc_w.l(handlers.o)
    0x08006640   0x08006640   0x0000000e   Code   RO         2238    i.__scatterload_zeroinit  mc_w.l(handlers.o)
    0x0800664e   0x0800664e   0x00000002   PAD
    0x08006650   0x08006650   0x00000184   Code   RO         2146    i._fp_digits        mc_w.l(printfa.o)
    0x080067d4   0x080067d4   0x000006dc   Code   RO         2147    i._printf_core      mc_w.l(printfa.o)
    0x08006eb0   0x08006eb0   0x00000024   Code   RO         2148    i._printf_post_padding  mc_w.l(printfa.o)
    0x08006ed4   0x08006ed4   0x0000002e   Code   RO         2149    i._printf_pre_padding  mc_w.l(printfa.o)
    0x08006f02   0x08006f02   0x0000000a   Code   RO         2151    i._sputc            mc_w.l(printfa.o)
    0x08006f0c   0x08006f0c   0x00000070   Data   RO          703    .rodata             rtx_lib.o
    0x08006f7c   0x08006f7c   0x00000038   Data   RO          706    .rodata             rtx_lib.o
    0x08006fb4   0x08006fb4   0x00000010   Data   RO         1884    .rodata.AHBPrescTable  system_stm32f4xx.o
    0x08006fc4   0x08006fc4   0x00000008   Data   RO         1885    .rodata.APBPrescTable  system_stm32f4xx.o
    0x08006fcc   0x08006fcc   0x00000033   Data   RO          207    .rodata.C7SEG_CHAR_TABLE  c7seg.o
    0x08006fff   0x08006fff   0x00000001   PAD
    0x08007000   0x08007000   0x00000018   Data   RO         1182    .rodata.EventRecorderInfo  EventRecorder.o
    0x08007018   0x08007018   0x00000020   Data   RO         1148    .rodata.cst32       LED_F4Discovery.o
    0x08007038   0x08007038   0x00000240   Data   RO          111    .rodata.oledb_font_6x8  oledb_resources.o
    0x08007278   0x08007278   0x00000004   Data   RO          705    .rodata.osRtxUserSVC  rtx_lib.o
    0x0800727c   0x0800727c   0x00000024   Data   RO          700    .rodata.os_idle_thread_attr  rtx_lib.o
    0x080072a0   0x080072a0   0x00000018   Data   RO          702    .rodata.os_timer_mq_attr  rtx_lib.o
    0x080072b8   0x080072b8   0x00000024   Data   RO          701    .rodata.os_timer_thread_attr  rtx_lib.o
    0x080072dc   0x080072dc   0x00000011   Data   RO           49    .rodata.str1.1      tasks.o
    0x080072ed   0x080072ed   0x0000001f   Data   RO          158    .rodata.str1.1      proximity7.o
    0x0800730c   0x0800730c   0x0000000b   Data   RO          685    .rodata.str1.4      rtx_kernel.o
    0x08007317   0x08007317   0x00000001   PAD
    0x08007318   0x08007318   0x00000020   Data   RO         2235    Region$$Table       anon$$obj.o


    Execution Region RW_IRAM2 (Exec base: 0x10000000, Load base: 0x08007418, Size: 0x000004e4, Max: 0x00010000, ABSOLUTE, UNINIT)

    Exec Addr    Load Addr    Size         Type   Attr      Idx    E Section Name        Object

    0x10000000        -       0x00000001   Zero   RW         1183    .bss.TS_OverflowLock  EventRecorder.o
    0x10000001   0x08007418   0x0000003f   PAD
    0x10000040        -       0x000004a4   Zero   RW         1181    .bss.noinit         EventRecorder.o


    Execution Region RW_IRAM1 (Exec base: 0x20000000, Load base: 0x08007338, Size: 0x00008e38, Max: 0x00020000, ABSOLUTE)

    Exec Addr    Load Addr    Size         Type   Attr      Idx    E Section Name        Object

    0x20000000   0x08007338   0x00000004   Data   RW         1883    .data.SystemCoreClock  system_stm32f4xx.o
    0x20000004   0x0800733c   0x000000a4   Data   RW          686    .data.os            rtx_kernel.o
    0x200000a8   0x080073e0   0x00000018   Data   RW          698    .data.os.evflags.mpi  rtx_lib.o
    0x200000c0   0x080073f8   0x00000018   Data   RW          699    .data.os.mutex.mpi  rtx_lib.o
    0x200000d8   0x08007410   0x00000004   Data   RW         1246    .data.uwTickPrio    stm32f4xx_hal.o
    0x200000dc   0x08007414   0x00000004   PAD
    0x200000e0        -       0x00000080   Zero   RW           50    .bss.BufferUART_Task6  tasks.o
    0x20000160        -       0x00000080   Zero   RW           51    .bss.BufferUART_Task7  tasks.o
    0x200001e0        -       0x00000004   Zero   RW            8    .bss.HAL_GetTick.ticks  main.o
    0x200001e4        -       0x00000014   Zero   RW          156    .bss.g_const_data   proximity7.o
    0x200001f8        -       0x00000054   Zero   RW          155    .bss.hi2c1          proximity7.o
    0x2000024c        -       0x00000054   Zero   RW          183    .bss.hi2c3          temphum15.o
    0x200002a0        -       0x00000058   Zero   RW          100    .bss.hspi2          oledb.o
    0x200002f8        -       0x00000058   Zero   RW          206    .bss.hspi3          c7seg.o
    0x20000350        -       0x00000044   Zero   RW           22    .bss.huart2         uart2.o
    0x20000394   0x08007414   0x00000004   PAD
    0x20000398        -       0x00008040   Zero   RW          697    .bss.os             rtx_lib.o
    0x200083d8        -       0x00000001   Zero   RW         1100    .bss.os             os_systick.o
    0x200083d9   0x08007414   0x00000003   PAD
    0x200083dc        -       0x00000010   Zero   RW          707    .bss.os.evflags.cb  rtx_lib.o
    0x200083ec        -       0x00000034   Zero   RW          712    .bss.os.msgqueue.cb  rtx_lib.o
    0x20008420        -       0x00000050   Zero   RW          713    .bss.os.msgqueue.mem  rtx_lib.o
    0x20008470        -       0x0000001c   Zero   RW          708    .bss.os.mutex.cb    rtx_lib.o
    0x2000848c        -       0x00000088   Zero   RW          709    .bss.os.thread.cb   rtx_lib.o
    0x20008514   0x08007414   0x00000004   PAD
    0x20008518        -       0x00000200   Zero   RW          710    .bss.os.thread.idle.stack  rtx_lib.o
    0x20008718        -       0x00000200   Zero   RW          711    .bss.os.thread.timer.stack  rtx_lib.o
    0x20008918        -       0x00000004   Zero   RW           52    .bss.tid_Task1      tasks.o
    0x2000891c        -       0x00000004   Zero   RW           53    .bss.tid_Task2      tasks.o
    0x20008920        -       0x00000004   Zero   RW           54    .bss.tid_Task3      tasks.o
    0x20008924        -       0x00000004   Zero   RW           55    .bss.tid_Task4      tasks.o
    0x20008928        -       0x00000004   Zero   RW           56    .bss.tid_Task5      tasks.o
    0x2000892c        -       0x00000004   Zero   RW           57    .bss.tid_Task6      tasks.o
    0x20008930        -       0x00000004   Zero   RW           58    .bss.tid_Task7      tasks.o
    0x20008934        -       0x00000004   Zero   RW           59    .bss.tid_Task8      tasks.o
    0x20008938        -       0x00000100   Zero   RW          157    .bss.tx_buf         proximity7.o
    0x20008a38        -       0x00000400   Zero   RW         1869    STACK               startup_stm32f407xx.o


==============================================================================

Image component sizes


      Code (inc. data)   RO Data    RW Data    ZI Data      Debug   Object Name

        60          0          0          0          0       2823   Buttons_F4Discovery.o
      2438          0         24          0       1189      20964   EventRecorder.o
       152          0         32          0          0       3507   LED_F4Discovery.o
         4          0          0          0          0        787   RTX_Config.o
       512          0         51          0         88       7480   c7seg.o
       260         16          0          0          0        808   irq_armv7m.o
       278          0          0          0          4       5308   main.o
      2254          0          0          0         88      19598   oledb.o
         0          0        576          0          0        664   oledb_resources.o
       140          0          0          0          1       4842   os_systick.o
      1460         76         31          0        360      15982   proximity7.o
       106          0          0          0          0       3271   rtx_delay.o
       956          0          0          0          0      37382   rtx_evr.o
       774          0         11        164          0      17791   rtx_kernel.o
       244          0        268         48      34168       6524   rtx_lib.o
       280          0          0          0          0       2913   rtx_memory.o
       240          0          0          0          0      19201   rtx_mempool.o
      1992          0          0          0          0      23737   rtx_msgqueue.o
       180          0          0          0          0      10980   rtx_mutex.o
       422         36          0          0          0       5527   rtx_system.o
      2434         10          0          0          0      42056   rtx_thread.o
       278          0          0          0          0      11686   rtx_timer.o
        36          8        392          0       1024        940   startup_stm32f407xx.o
        62          0          0          4          0       7632   stm32f4xx_hal.o
        32          0          0          0          0      10771   stm32f4xx_hal_cortex.o
       414          0          0          0          0       5389   stm32f4xx_hal_gpio.o
      2558          0          0          0          0      45660   stm32f4xx_hal_i2c.o
      1394          4          0          0          0       7766   stm32f4xx_hal_rcc.o
       914          0          0          0          0      24420   stm32f4xx_hal_spi.o
       698          0          0          0          0      27482   stm32f4xx_hal_uart.o
       206          4         24          4          0       2955   system_stm32f4xx.o
      1182        320         17          0        288       4604   tasks.o
       576         36          0          0         84       7612   temphum15.o
       194         12          0          0         68       5128   uart2.o

    ----------------------------------------------------------------------
     23868        522       1460        220      37440     414190   Object Totals
         0          0         32          0          0          0   (incl. Generated)
       138          0          2          0         78          0   (incl. Padding)

    ----------------------------------------------------------------------

      Code (inc. data)   RO Data    RW Data    ZI Data      Debug   Library Member Name

         0          0          0          0          0          0   entry.o
         0          0          0          0          0          0   entry10a.o
         0          0          0          0          0          0   entry11a.o
         8          4          0          0          0          0   entry2.o
         4          0          0          0          0          0   entry5.o
         0          0          0          0          0          0   entry7b.o
         0          0          0          0          0          0   entry8b.o
         8          4          0          0          0          0   entry9a.o
        30          0          0          0          0          0   handlers.o
        48         10          0          0          0         68   init.o
         0          0          0          0          0          0   iusefp.o
        30          0          0          0          0         68   llshl.o
        36          0          0          0          0         68   llsshr.o
        32          0          0          0          0         68   llushr.o
        36          0          0          0          0         68   memcpya.o
        36          0          0          0          0        108   memseta.o
      2276         86          0          0          0        520   printfa.o
        14          0          0          0          0         68   strlen.o
        44          0          0          0          0         80   uidiv.o
        98          0          0          0          0         92   uldiv.o
        48          0          0          0          0         68   cdrcmple.o
        56          0          0          0          0         88   d2f.o
       334          0          0          0          0        148   dadd.o
        54          0          0          0          0         80   dcmpgt.o
        54          0          0          0          0         80   dcmplt.o
       222          0          0          0          0        100   ddiv.o
       186          0          0          0          0        176   depilogue.o
        62          0          0          0          0         80   dfixi.o
        48          0          0          0          0         68   dfixul.o
        26          0          0          0          0         76   dfltui.o
       228          0          0          0          0         96   dmul.o
        38          0          0          0          0         68   f2d.o
       110          0          0          0          0        168   fepilogue.o

    ----------------------------------------------------------------------
      4168        104          0          0          0       2504   Library Totals
         2          0          0          0          0          0   (incl. Padding)

    ----------------------------------------------------------------------

      Code (inc. data)   RO Data    RW Data    ZI Data      Debug   Library Name

      2700        104          0          0          0       1208   mc_w.l
      1466          0          0          0          0       1296   mf_w.l

    ----------------------------------------------------------------------
      4168        104          0          0          0       2504   Library Totals

    ----------------------------------------------------------------------

==============================================================================


      Code (inc. data)   RO Data    RW Data    ZI Data      Debug   

     28036        626       1460        220      37440     414998   Grand Totals
     28036        626       1460        220      37440     414998   ELF Image Totals
     28036        626       1460        220          0          0   ROM Totals

==============================================================================

    Total RO  Size (Code + RO Data)                29496 (  28.80kB)
    Total RW  Size (RW Data + ZI Data)             37660 (  36.78kB)
    Total ROM Size (Code + RO Data + RW Data)      29716 (  29.02kB)

==============================================================================

